"../../../Engine/Content/EditorResources/S_Actor.ubulk" 0
"../../../Engine/Content/EditorResources/S_Actor.uasset" 1
"../../../Engine/Content/EditorResources/S_Actor.uexp" 2
"../../../Engine/Content/EditorResources/S_BoxReflectionCapture.uasset" 3
"../../../Engine/Content/EditorResources/S_BoxReflectionCapture.uexp" 4
"../../../Engine/Content/EngineResources/DefaultTexture.ubulk" 5
"../../../Engine/Content/EngineResources/DefaultTexture.uasset" 6
"../../../Engine/Content/EngineResources/DefaultTexture.uexp" 7
"../../../Engine/Content/EngineResources/DefaultTextureCube.uasset" 8
"../../../Engine/Content/EngineResources/DefaultTextureCube.uexp" 9
"../../../Engine/Content/EngineResources/DefaultVolumeTexture2D.uasset" 10
"../../../Engine/Content/EngineResources/DefaultVolumeTexture2D.uexp" 11
"../../../Engine/Content/EngineResources/DefaultVolumeTexture.uasset" 12
"../../../Engine/Content/EngineResources/DefaultVolumeTexture.uexp" 13
"../../../Engine/Content/EditorResources/S_Trigger.ubulk" 14
"../../../Engine/Content/EditorResources/S_Trigger.uasset" 15
"../../../Engine/Content/EditorResources/S_Trigger.uexp" 16
"../../../Engine/Content/EditorResources/S_TriggerBox.uasset" 17
"../../../Engine/Content/EditorResources/S_TriggerBox.uexp" 18
"../../../Engine/Content/EditorResources/S_TriggerCapsule.uasset" 19
"../../../Engine/Content/EditorResources/S_TriggerCapsule.uexp" 20
"../../../Engine/Content/EditorResources/S_TriggerSphere.uasset" 21
"../../../Engine/Content/EditorResources/S_TriggerSphere.uexp" 22
"../../../Engine/Content/EngineMeshes/Sphere.ubulk" 23
"../../../Engine/Content/EngineMeshes/Sphere.uasset" 24
"../../../Engine/Content/EngineMeshes/Sphere.uexp" 25
"../../../Engine/Content/EngineResources/GradientTexture0.uasset" 26
"../../../Engine/Content/EngineResources/GradientTexture0.uexp" 27
"../../../Engine/Content/EngineResources/Black.uasset" 28
"../../../Engine/Content/EngineResources/Black.uexp" 29
"../../../Engine/Content/VREditor/LaserPointer/VR_LaserPower_01.ubulk" 30
"../../../Engine/Content/VREditor/LaserPointer/VR_LaserPower_01.uasset" 31
"../../../Engine/Content/VREditor/LaserPointer/VR_LaserPower_01.uexp" 32
"../../../Engine/Content/VREditor/TransformGizmo/TransformGizmoMaterial.uasset" 33
"../../../Engine/Content/VREditor/TransformGizmo/TransformGizmoMaterial.uexp" 34
"../../../Engine/Content/VREditor/TransformGizmo/TranslucentTransformGizmoMaterial.uasset" 35
"../../../Engine/Content/VREditor/TransformGizmo/TranslucentTransformGizmoMaterial.uexp" 36
"../../../Engine/Content/VREditor/TransformGizmo/PlaneTranslationHandle.ubulk" 37
"../../../Engine/Content/VREditor/TransformGizmo/PlaneTranslationHandle.uasset" 38
"../../../Engine/Content/VREditor/TransformGizmo/PlaneTranslationHandle.uexp" 39
"../../../Engine/Content/VREditor/TransformGizmo/BoundingBoxCorner.ubulk" 40
"../../../Engine/Content/VREditor/TransformGizmo/BoundingBoxCorner.uasset" 41
"../../../Engine/Content/VREditor/TransformGizmo/BoundingBoxCorner.uexp" 42
"../../../Engine/Content/VREditor/TransformGizmo/BoundingBoxEdge.ubulk" 43
"../../../Engine/Content/VREditor/TransformGizmo/BoundingBoxEdge.uasset" 44
"../../../Engine/Content/VREditor/TransformGizmo/BoundingBoxEdge.uexp" 45
"../../../Engine/Content/VREditor/TransformGizmo/Main.uasset" 46
"../../../Engine/Content/VREditor/TransformGizmo/Main.uexp" 47
"../../../Engine/Content/VREditor/TransformGizmo/Xray.uasset" 48
"../../../Engine/Content/VREditor/TransformGizmo/Xray.uexp" 49
"../../../Engine/Content/VREditor/TransformGizmo/SM_Sequencer_Node.ubulk" 50
"../../../Engine/Content/VREditor/TransformGizmo/SM_Sequencer_Node.uasset" 51
"../../../Engine/Content/VREditor/TransformGizmo/SM_Sequencer_Node.uexp" 52
"../../../Engine/Content/EditorMaterials/Camera/CineMat.uasset" 53
"../../../Engine/Content/EditorMaterials/Camera/CineMat.uexp" 54
"../../../Engine/Content/EditorMaterials/Camera/MI_CineMat_Rig.uasset" 55
"../../../Engine/Content/EditorMaterials/Camera/MI_CineMat_Rig.uexp" 56
"../../../Engine/Content/EditorMeshes/Camera/SM_CraneRig_Base.ubulk" 57
"../../../Engine/Content/EditorMeshes/Camera/SM_CraneRig_Base.uasset" 58
"../../../Engine/Content/EditorMeshes/Camera/SM_CraneRig_Base.uexp" 59
"../../../Engine/Content/EditorMeshes/Camera/SM_CraneRig_Arm.ubulk" 60
"../../../Engine/Content/EditorMeshes/Camera/SM_CraneRig_Arm.uasset" 61
"../../../Engine/Content/EditorMeshes/Camera/SM_CraneRig_Arm.uexp" 62
"../../../Engine/Content/EditorMeshes/Camera/SM_CraneRig_Mount.ubulk" 63
"../../../Engine/Content/EditorMeshes/Camera/SM_CraneRig_Mount.uasset" 64
"../../../Engine/Content/EditorMeshes/Camera/SM_CraneRig_Mount.uexp" 65
"../../../Engine/Content/EditorMeshes/Camera/SM_CraneRig_Body.ubulk" 66
"../../../Engine/Content/EditorMeshes/Camera/SM_CraneRig_Body.uasset" 67
"../../../Engine/Content/EditorMeshes/Camera/SM_CraneRig_Body.uexp" 68
"../../../Engine/Content/EditorMeshes/Camera/SM_RailRig_Track.ubulk" 69
"../../../Engine/Content/EditorMeshes/Camera/SM_RailRig_Track.uasset" 70
"../../../Engine/Content/EditorMeshes/Camera/SM_RailRig_Track.uexp" 71
"../../../Engine/Content/EditorMeshes/Camera/SM_RailRig_Mount.ubulk" 72
"../../../Engine/Content/EditorMeshes/Camera/SM_RailRig_Mount.uasset" 73
"../../../Engine/Content/EditorMeshes/Camera/SM_RailRig_Mount.uexp" 74
"../../../Engine/Content/EngineMaterials/T_Default_Material_Grid_M.ubulk" 75
"../../../Engine/Content/EngineMaterials/T_Default_Material_Grid_M.uasset" 76
"../../../Engine/Content/EngineMaterials/T_Default_Material_Grid_M.uexp" 77
"../../../Engine/Content/EngineMaterials/T_Default_Material_Grid_N.ubulk" 78
"../../../Engine/Content/EngineMaterials/T_Default_Material_Grid_N.uasset" 79
"../../../Engine/Content/EngineMaterials/T_Default_Material_Grid_N.uexp" 80
"../../../Engine/Content/Functions/Engine_MaterialFunctions01/Opacity/CameraDepthFade.uasset" 81
"../../../Engine/Content/Functions/Engine_MaterialFunctions01/Opacity/CameraDepthFade.uexp" 82
"../../../Engine/Content/EngineMaterials/WorldGridMaterial.uasset" 83
"../../../Engine/Content/EngineMaterials/WorldGridMaterial.uexp" 84
"../../../Engine/Content/ArtTools/RenderToTexture/Meshes/S_1_Unit_Plane.ubulk" 85
"../../../Engine/Content/ArtTools/RenderToTexture/Meshes/S_1_Unit_Plane.uasset" 86
"../../../Engine/Content/ArtTools/RenderToTexture/Meshes/S_1_Unit_Plane.uexp" 87
"../../../Engine/Content/EditorMaterials/ParticleSystems/PSysThumbnail_NoImage.ubulk" 88
"../../../Engine/Content/EditorMaterials/ParticleSystems/PSysThumbnail_NoImage.uasset" 89
"../../../Engine/Content/EditorMaterials/ParticleSystems/PSysThumbnail_NoImage.uexp" 90
"../../../Engine/Content/EditorMaterials/ParticleSystems/PSysThumbnail_OOD.ubulk" 91
"../../../Engine/Content/EditorMaterials/ParticleSystems/PSysThumbnail_OOD.uasset" 92
"../../../Engine/Content/EditorMaterials/ParticleSystems/PSysThumbnail_OOD.uexp" 93
"../../../Engine/Content/EditorLandscapeResources/SplineEditorMeshMat.uasset" 94
"../../../Engine/Content/EditorLandscapeResources/SplineEditorMeshMat.uexp" 95
"../../../Engine/Content/EditorLandscapeResources/SplineEditorMesh.ubulk" 96
"../../../Engine/Content/EditorLandscapeResources/SplineEditorMesh.uasset" 97
"../../../Engine/Content/EditorLandscapeResources/SplineEditorMesh.uexp" 98
"../../../Engine/Content/EditorResources/S_Solver.ubulk" 99
"../../../Engine/Content/EditorResources/S_Solver.uasset" 100
"../../../Engine/Content/EditorResources/S_Solver.uexp" 101
"../../../Engine/Plugins/Media/MediaPlate/Content/SM_MediaPlateScreen.ubulk" 102
"../../../Engine/Plugins/Media/MediaPlate/Content/SM_MediaPlateScreen.uasset" 103
"../../../Engine/Plugins/Media/MediaPlate/Content/SM_MediaPlateScreen.uexp" 104
"../../../Engine/Content/EngineMaterials/Good64x64TilingNoiseHighFreq.uasset" 105
"../../../Engine/Content/EngineMaterials/Good64x64TilingNoiseHighFreq.uexp" 106
"../../../Engine/Content/EngineMaterials/DefaultBokeh.uasset" 107
"../../../Engine/Content/EngineMaterials/DefaultBokeh.uexp" 108
"../../../Engine/Content/EngineMaterials/PreintegratedSkinBRDF.uasset" 109
"../../../Engine/Content/EngineMaterials/PreintegratedSkinBRDF.uexp" 110
"../../../Engine/Content/EngineMaterials/MiniFont.uasset" 111
"../../../Engine/Content/EngineMaterials/MiniFont.uexp" 112
"../../../Engine/Content/EngineMaterials/WeightMapPlaceholderTexture.uasset" 113
"../../../Engine/Content/EngineMaterials/WeightMapPlaceholderTexture.uexp" 114
"../../../Engine/Content/EngineMaterials/DefaultWhiteGrid.ubulk" 115
"../../../Engine/Content/EngineMaterials/DefaultWhiteGrid.uasset" 116
"../../../Engine/Content/EngineMaterials/DefaultWhiteGrid.uexp" 117
"../../../Engine/Plugins/2D/Paper2D/Content/PlaceholderTextures/DummySpriteTexture.ubulk" 118
"../../../Engine/Plugins/2D/Paper2D/Content/PlaceholderTextures/DummySpriteTexture.uasset" 119
"../../../Engine/Plugins/2D/Paper2D/Content/PlaceholderTextures/DummySpriteTexture.uexp" 120
"../../../Engine/Plugins/2D/Paper2D/Content/DefaultSpriteMaterial.uasset" 121
"../../../Engine/Plugins/2D/Paper2D/Content/DefaultSpriteMaterial.uexp" 122
"../../../Engine/Plugins/2D/Paper2D/Content/OpaqueUnlitSpriteMaterial.uasset" 123
"../../../Engine/Plugins/2D/Paper2D/Content/OpaqueUnlitSpriteMaterial.uexp" 124
"../../../Engine/Plugins/2D/Paper2D/Content/MaskedUnlitSpriteMaterial.uasset" 125
"../../../Engine/Plugins/2D/Paper2D/Content/MaskedUnlitSpriteMaterial.uexp" 126
"../../../Engine/Plugins/2D/Paper2D/Content/DummySprite.uasset" 127
"../../../Engine/Plugins/2D/Paper2D/Content/DummySprite.uexp" 128
"../../../Engine/Plugins/2D/Paper2D/Content/DefaultPaperTerrainMaterial.uasset" 129
"../../../Engine/Plugins/2D/Paper2D/Content/DefaultPaperTerrainMaterial.uexp" 130
"../../../Engine/Content/Functions/Engine_MaterialFunctions02/WorldPositionOffset/CameraOffset.uasset" 131
"../../../Engine/Content/Functions/Engine_MaterialFunctions02/WorldPositionOffset/CameraOffset.uexp" 132
"../../../Engine/Plugins/Animation/ControlRig/Content/M_Manip.uasset" 133
"../../../Engine/Plugins/Animation/ControlRig/Content/M_Manip.uexp" 134
"../../../Engine/Content/Animation/DefaultRecorderBoneCompression.uasset" 135
"../../../Engine/Content/Animation/DefaultRecorderBoneCompression.uexp" 136
"../../../Engine/Content/Animation/DefaultAnimCurveCompressionSettings.uasset" 137
"../../../Engine/Content/Animation/DefaultAnimCurveCompressionSettings.uexp" 138
"../../../Engine/Content/Animation/DefaultAnimBoneCompressionSettings.uasset" 139
"../../../Engine/Content/Animation/DefaultAnimBoneCompressionSettings.uexp" 140
"../../../Engine/Content/EditorLandscapeResources/DefaultAlphaTexture.uasset" 141
"../../../Engine/Content/EditorLandscapeResources/DefaultAlphaTexture.uexp" 142
"../../../Engine/Content/EditorLandscapeResources/DataLayer.uasset" 143
"../../../Engine/Content/EditorLandscapeResources/DataLayer.uexp" 144
"../../../Engine/Plugins/Animation/ControlRig/Content/Controls/DefaultGizmoLibraryNormalized.uasset" 145
"../../../Engine/Plugins/Animation/ControlRig/Content/Controls/DefaultGizmoLibraryNormalized.uexp" 146
"../../../Engine/Plugins/Animation/ControlRig/Content/Controls/ControlRig_Wedge_solid.ubulk" 147
"../../../Engine/Plugins/Animation/ControlRig/Content/Controls/ControlRig_Wedge_solid.uasset" 148
"../../../Engine/Plugins/Animation/ControlRig/Content/Controls/ControlRig_Wedge_solid.uexp" 149
"../../../Engine/Plugins/Animation/ControlRig/Content/Controls/ControlRig_Wedge_3mm.ubulk" 150
"../../../Engine/Plugins/Animation/ControlRig/Content/Controls/ControlRig_Wedge_3mm.uasset" 151
"../../../Engine/Plugins/Animation/ControlRig/Content/Controls/ControlRig_Wedge_3mm.uexp" 152
"../../../Engine/Plugins/Animation/ControlRig/Content/Controls/ControlRig_Wedge_1mm.ubulk" 153
"../../../Engine/Plugins/Animation/ControlRig/Content/Controls/ControlRig_Wedge_1mm.uasset" 154
"../../../Engine/Plugins/Animation/ControlRig/Content/Controls/ControlRig_Wedge_1mm.uexp" 155
"../../../Engine/Plugins/Animation/ControlRig/Content/Controls/ControlRig_Triangle_solid.ubulk" 156
"../../../Engine/Plugins/Animation/ControlRig/Content/Controls/ControlRig_Triangle_solid.uasset" 157
"../../../Engine/Plugins/Animation/ControlRig/Content/Controls/ControlRig_Triangle_solid.uexp" 158
"../../../Engine/Plugins/Animation/ControlRig/Content/Controls/ControlRig_Triangle_3mm.ubulk" 159
"../../../Engine/Plugins/Animation/ControlRig/Content/Controls/ControlRig_Triangle_3mm.uasset" 160
"../../../Engine/Plugins/Animation/ControlRig/Content/Controls/ControlRig_Triangle_3mm.uexp" 161
"../../../Engine/Plugins/Animation/ControlRig/Content/Controls/ControlRig_Triangle_1mm.ubulk" 162
"../../../Engine/Plugins/Animation/ControlRig/Content/Controls/ControlRig_Triangle_1mm.uasset" 163
"../../../Engine/Plugins/Animation/ControlRig/Content/Controls/ControlRig_Triangle_1mm.uexp" 164
"../../../Engine/Plugins/Animation/ControlRig/Content/Controls/ControlRig_Star4_solid.ubulk" 165
"../../../Engine/Plugins/Animation/ControlRig/Content/Controls/ControlRig_Star4_solid.uasset" 166
"../../../Engine/Plugins/Animation/ControlRig/Content/Controls/ControlRig_Star4_solid.uexp" 167
"../../../Engine/Plugins/Animation/ControlRig/Content/Controls/ControlRig_Star4_3mm.ubulk" 168
"../../../Engine/Plugins/Animation/ControlRig/Content/Controls/ControlRig_Star4_3mm.uasset" 169
"../../../Engine/Plugins/Animation/ControlRig/Content/Controls/ControlRig_Star4_3mm.uexp" 170
"../../../Engine/Plugins/Animation/ControlRig/Content/Controls/ControlRig_Star4_1mm.ubulk" 171
"../../../Engine/Plugins/Animation/ControlRig/Content/Controls/ControlRig_Star4_1mm.uasset" 172
"../../../Engine/Plugins/Animation/ControlRig/Content/Controls/ControlRig_Star4_1mm.uexp" 173
"../../../Engine/Plugins/Animation/ControlRig/Content/Controls/ControlRig_Square_solid.ubulk" 174
"../../../Engine/Plugins/Animation/ControlRig/Content/Controls/ControlRig_Square_solid.uasset" 175
"../../../Engine/Plugins/Animation/ControlRig/Content/Controls/ControlRig_Square_solid.uexp" 176
"../../../Engine/Plugins/Animation/ControlRig/Content/Controls/ControlRig_Square_3mm.ubulk" 177
"../../../Engine/Plugins/Animation/ControlRig/Content/Controls/ControlRig_Square_3mm.uasset" 178
"../../../Engine/Plugins/Animation/ControlRig/Content/Controls/ControlRig_Square_3mm.uexp" 179
"../../../Engine/Plugins/Animation/ControlRig/Content/Controls/ControlRig_Square_1mm.ubulk" 180
"../../../Engine/Plugins/Animation/ControlRig/Content/Controls/ControlRig_Square_1mm.uasset" 181
"../../../Engine/Plugins/Animation/ControlRig/Content/Controls/ControlRig_Square_1mm.uexp" 182
"../../../Engine/Plugins/Animation/ControlRig/Content/Controls/ControlRig_Sphere_solid.ubulk" 183
"../../../Engine/Plugins/Animation/ControlRig/Content/Controls/ControlRig_Sphere_solid.uasset" 184
"../../../Engine/Plugins/Animation/ControlRig/Content/Controls/ControlRig_Sphere_solid.uexp" 185
"../../../Engine/Plugins/Animation/ControlRig/Content/Controls/ControlRig_Sphere_3mm.ubulk" 186
"../../../Engine/Plugins/Animation/ControlRig/Content/Controls/ControlRig_Sphere_3mm.uasset" 187
"../../../Engine/Plugins/Animation/ControlRig/Content/Controls/ControlRig_Sphere_3mm.uexp" 188
"../../../Engine/Plugins/Animation/ControlRig/Content/Controls/ControlRig_Sphere_1mm.ubulk" 189
"../../../Engine/Plugins/Animation/ControlRig/Content/Controls/ControlRig_Sphere_1mm.uasset" 190
"../../../Engine/Plugins/Animation/ControlRig/Content/Controls/ControlRig_Sphere_1mm.uexp" 191
"../../../Engine/Plugins/Animation/ControlRig/Content/Controls/ControlRig_RoundedTriangle_solid.ubulk" 192
"../../../Engine/Plugins/Animation/ControlRig/Content/Controls/ControlRig_RoundedTriangle_solid.uasset" 193
"../../../Engine/Plugins/Animation/ControlRig/Content/Controls/ControlRig_RoundedTriangle_solid.uexp" 194
"../../../Engine/Plugins/Animation/ControlRig/Content/Controls/ControlRig_RoundedTriangle_3mm.ubulk" 195
"../../../Engine/Plugins/Animation/ControlRig/Content/Controls/ControlRig_RoundedTriangle_3mm.uasset" 196
"../../../Engine/Plugins/Animation/ControlRig/Content/Controls/ControlRig_RoundedTriangle_3mm.uexp" 197
"../../../Engine/Plugins/Animation/ControlRig/Content/Controls/ControlRig_RoundedTriangle_1mm.ubulk" 198
"../../../Engine/Plugins/Animation/ControlRig/Content/Controls/ControlRig_RoundedTriangle_1mm.uasset" 199
"../../../Engine/Plugins/Animation/ControlRig/Content/Controls/ControlRig_RoundedTriangle_1mm.uexp" 200
"../../../Engine/Plugins/Animation/ControlRig/Content/Controls/ControlRig_RoundedSquare_solid.ubulk" 201
"../../../Engine/Plugins/Animation/ControlRig/Content/Controls/ControlRig_RoundedSquare_solid.uasset" 202
"../../../Engine/Plugins/Animation/ControlRig/Content/Controls/ControlRig_RoundedSquare_solid.uexp" 203
"../../../Engine/Plugins/Animation/ControlRig/Content/Controls/ControlRig_RoundedSquare_3mm.ubulk" 204
"../../../Engine/Plugins/Animation/ControlRig/Content/Controls/ControlRig_RoundedSquare_3mm.uasset" 205
"../../../Engine/Plugins/Animation/ControlRig/Content/Controls/ControlRig_RoundedSquare_3mm.uexp" 206
"../../../Engine/Plugins/Animation/ControlRig/Content/Controls/ControlRig_RoundedSquare_1mm.ubulk" 207
"../../../Engine/Plugins/Animation/ControlRig/Content/Controls/ControlRig_RoundedSquare_1mm.uasset" 208
"../../../Engine/Plugins/Animation/ControlRig/Content/Controls/ControlRig_RoundedSquare_1mm.uexp" 209
"../../../Engine/Plugins/Animation/ControlRig/Content/Controls/ControlRig_QuarterCircle_solid.ubulk" 210
"../../../Engine/Plugins/Animation/ControlRig/Content/Controls/ControlRig_QuarterCircle_solid.uasset" 211
"../../../Engine/Plugins/Animation/ControlRig/Content/Controls/ControlRig_QuarterCircle_solid.uexp" 212
"../../../Engine/Plugins/Animation/ControlRig/Content/Controls/ControlRig_QuarterCircle_3mm.ubulk" 213
"../../../Engine/Plugins/Animation/ControlRig/Content/Controls/ControlRig_QuarterCircle_3mm.uasset" 214
"../../../Engine/Plugins/Animation/ControlRig/Content/Controls/ControlRig_QuarterCircle_3mm.uexp" 215
"../../../Engine/Plugins/Animation/ControlRig/Content/Controls/ControlRig_QuarterCircle_1mm.ubulk" 216
"../../../Engine/Plugins/Animation/ControlRig/Content/Controls/ControlRig_QuarterCircle_1mm.uasset" 217
"../../../Engine/Plugins/Animation/ControlRig/Content/Controls/ControlRig_QuarterCircle_1mm.uexp" 218
"../../../Engine/Plugins/Animation/ControlRig/Content/Controls/ControlRig_Pyramid_solid.ubulk" 219
"../../../Engine/Plugins/Animation/ControlRig/Content/Controls/ControlRig_Pyramid_solid.uasset" 220
"../../../Engine/Plugins/Animation/ControlRig/Content/Controls/ControlRig_Pyramid_solid.uexp" 221
"../../../Engine/Plugins/Animation/ControlRig/Content/Controls/ControlRig_Pyramid_3mm.ubulk" 222
"../../../Engine/Plugins/Animation/ControlRig/Content/Controls/ControlRig_Pyramid_3mm.uasset" 223
"../../../Engine/Plugins/Animation/ControlRig/Content/Controls/ControlRig_Pyramid_3mm.uexp" 224
"../../../Engine/Plugins/Animation/ControlRig/Content/Controls/ControlRig_Pyramid_1mm.ubulk" 225
"../../../Engine/Plugins/Animation/ControlRig/Content/Controls/ControlRig_Pyramid_1mm.uasset" 226
"../../../Engine/Plugins/Animation/ControlRig/Content/Controls/ControlRig_Pyramid_1mm.uexp" 227
"../../../Engine/Plugins/Animation/ControlRig/Content/Controls/ControlRig_Octagon_solid.ubulk" 228
"../../../Engine/Plugins/Animation/ControlRig/Content/Controls/ControlRig_Octagon_solid.uasset" 229
"../../../Engine/Plugins/Animation/ControlRig/Content/Controls/ControlRig_Octagon_solid.uexp" 230
"../../../Engine/Plugins/Animation/ControlRig/Content/Controls/ControlRig_Octagon_3mm.ubulk" 231
"../../../Engine/Plugins/Animation/ControlRig/Content/Controls/ControlRig_Octagon_3mm.uasset" 232
"../../../Engine/Plugins/Animation/ControlRig/Content/Controls/ControlRig_Octagon_3mm.uexp" 233
"../../../Engine/Plugins/Animation/ControlRig/Content/Controls/ControlRig_Octagon_1mm.ubulk" 234
"../../../Engine/Plugins/Animation/ControlRig/Content/Controls/ControlRig_Octagon_1mm.uasset" 235
"../../../Engine/Plugins/Animation/ControlRig/Content/Controls/ControlRig_Octagon_1mm.uexp" 236
"../../../Engine/Plugins/Animation/ControlRig/Content/Controls/ControlRig_Hexagon_solid.ubulk" 237
"../../../Engine/Plugins/Animation/ControlRig/Content/Controls/ControlRig_Hexagon_solid.uasset" 238
"../../../Engine/Plugins/Animation/ControlRig/Content/Controls/ControlRig_Hexagon_solid.uexp" 239
"../../../Engine/Plugins/Animation/ControlRig/Content/Controls/ControlRig_Hexagon_3mm.ubulk" 240
"../../../Engine/Plugins/Animation/ControlRig/Content/Controls/ControlRig_Hexagon_3mm.uasset" 241
"../../../Engine/Plugins/Animation/ControlRig/Content/Controls/ControlRig_Hexagon_3mm.uexp" 242
"../../../Engine/Plugins/Animation/ControlRig/Content/Controls/ControlRig_Hexagon_1mm.ubulk" 243
"../../../Engine/Plugins/Animation/ControlRig/Content/Controls/ControlRig_Hexagon_1mm.uasset" 244
"../../../Engine/Plugins/Animation/ControlRig/Content/Controls/ControlRig_Hexagon_1mm.uexp" 245
"../../../Engine/Plugins/Animation/ControlRig/Content/Controls/ControlRig_HalfCircle_solid.ubulk" 246
"../../../Engine/Plugins/Animation/ControlRig/Content/Controls/ControlRig_HalfCircle_solid.uasset" 247
"../../../Engine/Plugins/Animation/ControlRig/Content/Controls/ControlRig_HalfCircle_solid.uexp" 248
"../../../Engine/Plugins/Animation/ControlRig/Content/Controls/ControlRig_HalfCircle_3mm.ubulk" 249
"../../../Engine/Plugins/Animation/ControlRig/Content/Controls/ControlRig_HalfCircle_3mm.uasset" 250
"../../../Engine/Plugins/Animation/ControlRig/Content/Controls/ControlRig_HalfCircle_3mm.uexp" 251
"../../../Engine/Plugins/Animation/ControlRig/Content/Controls/ControlRig_HalfCircle_1mm.ubulk" 252
"../../../Engine/Plugins/Animation/ControlRig/Content/Controls/ControlRig_HalfCircle_1mm.uasset" 253
"../../../Engine/Plugins/Animation/ControlRig/Content/Controls/ControlRig_HalfCircle_1mm.uexp" 254
"../../../Engine/Plugins/Animation/ControlRig/Content/Controls/ControlRig_Diamond_solid.ubulk" 255
"../../../Engine/Plugins/Animation/ControlRig/Content/Controls/ControlRig_Diamond_solid.uasset" 256
"../../../Engine/Plugins/Animation/ControlRig/Content/Controls/ControlRig_Diamond_solid.uexp" 257
"../../../Engine/Plugins/Animation/ControlRig/Content/Controls/ControlRig_Diamond_3mm.ubulk" 258
"../../../Engine/Plugins/Animation/ControlRig/Content/Controls/ControlRig_Diamond_3mm.uasset" 259
"../../../Engine/Plugins/Animation/ControlRig/Content/Controls/ControlRig_Diamond_3mm.uexp" 260
"../../../Engine/Plugins/Animation/ControlRig/Content/Controls/ControlRig_Diamond_1mm.ubulk" 261
"../../../Engine/Plugins/Animation/ControlRig/Content/Controls/ControlRig_Diamond_1mm.uasset" 262
"../../../Engine/Plugins/Animation/ControlRig/Content/Controls/ControlRig_Diamond_1mm.uexp" 263
"../../../Engine/Plugins/Animation/ControlRig/Content/Controls/ControlRig_Circle_solid.ubulk" 264
"../../../Engine/Plugins/Animation/ControlRig/Content/Controls/ControlRig_Circle_solid.uasset" 265
"../../../Engine/Plugins/Animation/ControlRig/Content/Controls/ControlRig_Circle_solid.uexp" 266
"../../../Engine/Plugins/Animation/ControlRig/Content/Controls/ControlRig_Circle_3mm.ubulk" 267
"../../../Engine/Plugins/Animation/ControlRig/Content/Controls/ControlRig_Circle_3mm.uasset" 268
"../../../Engine/Plugins/Animation/ControlRig/Content/Controls/ControlRig_Circle_3mm.uexp" 269
"../../../Engine/Plugins/Animation/ControlRig/Content/Controls/ControlRig_Circle_1mm.ubulk" 270
"../../../Engine/Plugins/Animation/ControlRig/Content/Controls/ControlRig_Circle_1mm.uasset" 271
"../../../Engine/Plugins/Animation/ControlRig/Content/Controls/ControlRig_Circle_1mm.uexp" 272
"../../../Engine/Plugins/Animation/ControlRig/Content/Controls/ControlRig_Box_solid.ubulk" 273
"../../../Engine/Plugins/Animation/ControlRig/Content/Controls/ControlRig_Box_solid.uasset" 274
"../../../Engine/Plugins/Animation/ControlRig/Content/Controls/ControlRig_Box_solid.uexp" 275
"../../../Engine/Plugins/Animation/ControlRig/Content/Controls/ControlRig_Box_3mm.ubulk" 276
"../../../Engine/Plugins/Animation/ControlRig/Content/Controls/ControlRig_Box_3mm.uasset" 277
"../../../Engine/Plugins/Animation/ControlRig/Content/Controls/ControlRig_Box_3mm.uexp" 278
"../../../Engine/Plugins/Animation/ControlRig/Content/Controls/ControlRig_Box_1mm.ubulk" 279
"../../../Engine/Plugins/Animation/ControlRig/Content/Controls/ControlRig_Box_1mm.uasset" 280
"../../../Engine/Plugins/Animation/ControlRig/Content/Controls/ControlRig_Box_1mm.uexp" 281
"../../../Engine/Plugins/Animation/ControlRig/Content/Controls/ControlRig_Arrow_solid.ubulk" 282
"../../../Engine/Plugins/Animation/ControlRig/Content/Controls/ControlRig_Arrow_solid.uasset" 283
"../../../Engine/Plugins/Animation/ControlRig/Content/Controls/ControlRig_Arrow_solid.uexp" 284
"../../../Engine/Plugins/Animation/ControlRig/Content/Controls/ControlRig_Arrow_3mm.ubulk" 285
"../../../Engine/Plugins/Animation/ControlRig/Content/Controls/ControlRig_Arrow_3mm.uasset" 286
"../../../Engine/Plugins/Animation/ControlRig/Content/Controls/ControlRig_Arrow_3mm.uexp" 287
"../../../Engine/Plugins/Animation/ControlRig/Content/Controls/ControlRig_Arrow_1mm.ubulk" 288
"../../../Engine/Plugins/Animation/ControlRig/Content/Controls/ControlRig_Arrow_1mm.uasset" 289
"../../../Engine/Plugins/Animation/ControlRig/Content/Controls/ControlRig_Arrow_1mm.uexp" 290
"../../../Engine/Plugins/Animation/ControlRig/Content/Controls/ControlRig_Arrow4_solid.ubulk" 291
"../../../Engine/Plugins/Animation/ControlRig/Content/Controls/ControlRig_Arrow4_solid.uasset" 292
"../../../Engine/Plugins/Animation/ControlRig/Content/Controls/ControlRig_Arrow4_solid.uexp" 293
"../../../Engine/Plugins/Animation/ControlRig/Content/Controls/ControlRig_Arrow4_3mm.ubulk" 294
"../../../Engine/Plugins/Animation/ControlRig/Content/Controls/ControlRig_Arrow4_3mm.uasset" 295
"../../../Engine/Plugins/Animation/ControlRig/Content/Controls/ControlRig_Arrow4_3mm.uexp" 296
"../../../Engine/Plugins/Animation/ControlRig/Content/Controls/ControlRig_Arrow4_1mm.ubulk" 297
"../../../Engine/Plugins/Animation/ControlRig/Content/Controls/ControlRig_Arrow4_1mm.uasset" 298
"../../../Engine/Plugins/Animation/ControlRig/Content/Controls/ControlRig_Arrow4_1mm.uexp" 299
"../../../Engine/Plugins/Animation/ControlRig/Content/Controls/ControlRig_Arrow2_solid.ubulk" 300
"../../../Engine/Plugins/Animation/ControlRig/Content/Controls/ControlRig_Arrow2_solid.uasset" 301
"../../../Engine/Plugins/Animation/ControlRig/Content/Controls/ControlRig_Arrow2_solid.uexp" 302
"../../../Engine/Plugins/Animation/ControlRig/Content/Controls/ControlRig_Arrow2_3mm.ubulk" 303
"../../../Engine/Plugins/Animation/ControlRig/Content/Controls/ControlRig_Arrow2_3mm.uasset" 304
"../../../Engine/Plugins/Animation/ControlRig/Content/Controls/ControlRig_Arrow2_3mm.uexp" 305
"../../../Engine/Plugins/Animation/ControlRig/Content/Controls/ControlRig_Arrow2_1mm.ubulk" 306
"../../../Engine/Plugins/Animation/ControlRig/Content/Controls/ControlRig_Arrow2_1mm.uasset" 307
"../../../Engine/Plugins/Animation/ControlRig/Content/Controls/ControlRig_Arrow2_1mm.uexp" 308
"../../../Engine/Plugins/Animation/ControlRig/Content/Controls/ControlRigXRayMaterial.uasset" 309
"../../../Engine/Plugins/Animation/ControlRig/Content/Controls/ControlRigXRayMaterial.uexp" 310
"../../../Engine/Plugins/Animation/ControlRig/Content/Controls/ControlRigGizmoMaterial.uasset" 311
"../../../Engine/Plugins/Animation/ControlRig/Content/Controls/ControlRigGizmoMaterial.uexp" 312
"D:/Progetti/PurgatorySeaServer/Unreal Engine/PurgatorySea/Content/Images/QuestionMarkImage_Vertical.uasset" 313
"D:/Progetti/PurgatorySeaServer/Unreal Engine/PurgatorySea/Content/Images/QuestionMarkImage_Vertical.uexp" 314
"D:/Progetti/PurgatorySeaServer/Unreal Engine/PurgatorySea/Content/Materials/MAT_EnemyTile_Vertical.uasset" 315
"D:/Progetti/PurgatorySeaServer/Unreal Engine/PurgatorySea/Content/Materials/MAT_EnemyTile_Vertical.uexp" 316
"../../../Engine/Plugins/Runtime/MeshModelingToolset/Content/Materials/M_DynamicMeshComponentVtxColor.uasset" 317
"../../../Engine/Plugins/Runtime/MeshModelingToolset/Content/Materials/M_DynamicMeshComponentVtxColor.uexp" 318
"../../../Engine/Plugins/Interchange/Runtime/Content/Pipelines/DefaultTexturePipeline.uasset" 319
"../../../Engine/Plugins/Interchange/Runtime/Content/Pipelines/DefaultTexturePipeline.uexp" 320
"../../../Engine/Plugins/Interchange/Runtime/Content/Pipelines/DefaultSceneLevelPipeline.uasset" 321
"../../../Engine/Plugins/Interchange/Runtime/Content/Pipelines/DefaultSceneLevelPipeline.uexp" 322
"../../../Engine/Plugins/Interchange/Runtime/Content/Pipelines/DefaultSceneAssetsPipeline.uasset" 323
"../../../Engine/Plugins/Interchange/Runtime/Content/Pipelines/DefaultSceneAssetsPipeline.uexp" 324
"../../../Engine/Plugins/Interchange/Runtime/Content/Pipelines/DefaultMaterialPipeline.uasset" 325
"../../../Engine/Plugins/Interchange/Runtime/Content/Pipelines/DefaultMaterialPipeline.uexp" 326
"../../../Engine/Plugins/Interchange/Runtime/Content/Pipelines/DefaultAssetsPipeline.uasset" 327
"../../../Engine/Plugins/Interchange/Runtime/Content/Pipelines/DefaultAssetsPipeline.uexp" 328
"../../../Engine/Plugins/Editor/SpeedTreeImporter/Content/SpeedTree9/game_wind_noise.ubulk" 329
"../../../Engine/Plugins/Editor/SpeedTreeImporter/Content/SpeedTree9/game_wind_noise.uasset" 330
"../../../Engine/Plugins/Editor/SpeedTreeImporter/Content/SpeedTree9/game_wind_noise.uexp" 331
"../../../Engine/Plugins/Editor/SpeedTreeImporter/Content/SpeedTree9/UnpackDirection.uasset" 332
"../../../Engine/Plugins/Editor/SpeedTreeImporter/Content/SpeedTree9/UnpackDirection.uexp" 333
"../../../Engine/Content/Functions/Engine_MaterialFunctions02/ObjectLocalBounds.uasset" 334
"../../../Engine/Content/Functions/Engine_MaterialFunctions02/ObjectLocalBounds.uexp" 335
"../../../Engine/Content/Functions/Engine_MaterialFunctions02/Utility/BreakOutFloat3Components.uasset" 336
"../../../Engine/Content/Functions/Engine_MaterialFunctions02/Utility/BreakOutFloat3Components.uexp" 337
"../../../Engine/Content/Functions/Engine_MaterialFunctions02/UVs/BoundingBoxBased_0-1_UVW.uasset" 338
"../../../Engine/Content/Functions/Engine_MaterialFunctions02/UVs/BoundingBoxBased_0-1_UVW.uexp" 339
"../../../Engine/Content/Functions/Engine_MaterialFunctions02/Utility/VectorLength.uasset" 340
"../../../Engine/Content/Functions/Engine_MaterialFunctions02/Utility/VectorLength.uexp" 341
"../../../Engine/Plugins/Editor/SpeedTreeImporter/Content/SpeedTree9/UnpackInteger3.uasset" 342
"../../../Engine/Plugins/Editor/SpeedTreeImporter/Content/SpeedTree9/UnpackInteger3.uexp" 343
"../../../Engine/Plugins/Editor/SpeedTreeImporter/Content/SpeedTree9/SpeedTreeCameraFacing.uasset" 344
"../../../Engine/Plugins/Editor/SpeedTreeImporter/Content/SpeedTree9/SpeedTreeCameraFacing.uexp" 345
"../../../Engine/Content/Functions/Engine_MaterialFunctions02/WorldPositionOffset/ObjectScale.uasset" 346
"../../../Engine/Content/Functions/Engine_MaterialFunctions02/WorldPositionOffset/ObjectScale.uexp" 347
"../../../Engine/Content/Functions/Engine_MaterialFunctions02/SafeNormalize.uasset" 348
"../../../Engine/Content/Functions/Engine_MaterialFunctions02/SafeNormalize.uexp" 349
"../../../Engine/Plugins/Editor/SpeedTreeImporter/Content/SpeedTree9/SpeedTreeWindMotion.uasset" 350
"../../../Engine/Plugins/Editor/SpeedTreeImporter/Content/SpeedTree9/SpeedTreeWindMotion.uexp" 351
"../../../Engine/Plugins/Editor/SpeedTreeImporter/Content/SpeedTree9/SpeedTreeBranchMotion.uasset" 352
"../../../Engine/Plugins/Editor/SpeedTreeImporter/Content/SpeedTree9/SpeedTreeBranchMotion.uexp" 353
"../../../Engine/Plugins/Editor/SpeedTreeImporter/Content/SpeedTree9/SpeedTreeWind.uasset" 354
"../../../Engine/Plugins/Editor/SpeedTreeImporter/Content/SpeedTree9/SpeedTreeWind.uexp" 355
"../../../Engine/Plugins/Editor/SpeedTreeImporter/Content/SpeedTree9/EmptyNormal.uasset" 356
"../../../Engine/Plugins/Editor/SpeedTreeImporter/Content/SpeedTree9/EmptyNormal.uexp" 357
"../../../Engine/Plugins/Editor/SpeedTreeImporter/Content/SpeedTree9/Empty.uasset" 358
"../../../Engine/Plugins/Editor/SpeedTreeImporter/Content/SpeedTree9/Empty.uexp" 359
"../../../Engine/Plugins/Editor/SpeedTreeImporter/Content/SpeedTree9/SpeedTreeMaster.uasset" 360
"../../../Engine/Plugins/Editor/SpeedTreeImporter/Content/SpeedTree9/SpeedTreeMaster.uexp" 361
"../../../Engine/Plugins/Editor/SpeedTreeImporter/Content/SpeedTree9/SpeedTreeBillboard.uasset" 362
"../../../Engine/Plugins/Editor/SpeedTreeImporter/Content/SpeedTree9/SpeedTreeBillboard.uexp" 363
"../../../Engine/Plugins/Editor/SpeedTreeImporter/Content/SpeedTree9/SpeedTreeBillboardMaster.uasset" 364
"../../../Engine/Plugins/Editor/SpeedTreeImporter/Content/SpeedTree9/SpeedTreeBillboardMaster.uexp" 365
"../../../Engine/Content/EngineSounds/Master.uasset" 366
"../../../Engine/Content/EngineSounds/Master.uexp" 367
"../../../Engine/Content/EngineResources/WhiteSquareTexture.uasset" 368
"../../../Engine/Content/EngineResources/WhiteSquareTexture.uexp" 369
"../../../Engine/Content/EngineMaterials/Widget3DPassThrough.uasset" 370
"../../../Engine/Content/EngineMaterials/Widget3DPassThrough.uexp" 371
"../../../Engine/Content/EngineMaterials/Widget3DPassThrough_Translucent.uasset" 372
"../../../Engine/Content/EngineMaterials/Widget3DPassThrough_Translucent.uexp" 373
"../../../Engine/Content/EngineMaterials/Widget3DPassThrough_Translucent_OneSided.uasset" 374
"../../../Engine/Content/EngineMaterials/Widget3DPassThrough_Translucent_OneSided.uexp" 375
"../../../Engine/Content/EngineMaterials/Widget3DPassThrough_Opaque.uasset" 376
"../../../Engine/Content/EngineMaterials/Widget3DPassThrough_Opaque.uexp" 377
"../../../Engine/Content/EngineMaterials/Widget3DPassThrough_Opaque_OneSided.uasset" 378
"../../../Engine/Content/EngineMaterials/Widget3DPassThrough_Opaque_OneSided.uexp" 379
"../../../Engine/Content/EngineMaterials/Widget3DPassThrough_Masked_OneSided.uasset" 380
"../../../Engine/Content/EngineMaterials/Widget3DPassThrough_Masked_OneSided.uexp" 381
"../../../Engine/Content/EngineMaterials/Widget3DPassThrough_Masked.uasset" 382
"../../../Engine/Content/EngineMaterials/Widget3DPassThrough_Masked.uexp" 383
"../../../Engine/Content/EngineMaterials/STBlueNoise_vec2_128x128x64.uasset" 384
"../../../Engine/Content/EngineMaterials/STBlueNoise_vec2_128x128x64.uexp" 385
"../../../Engine/Content/EngineMaterials/STBlueNoise_scalar_128x128x64.uasset" 386
"../../../Engine/Content/EngineMaterials/STBlueNoise_scalar_128x128x64.uexp" 387
"../../../Engine/Content/EngineMaterials/RemoveSurfaceMaterial.uasset" 388
"../../../Engine/Content/EngineMaterials/RemoveSurfaceMaterial.uexp" 389
"../../../Engine/Content/EngineMaterials/DefaultCalibrationGrayscale.uasset" 390
"../../../Engine/Content/EngineMaterials/DefaultCalibrationGrayscale.uexp" 391
"../../../Engine/Content/EngineMaterials/PPM_DefaultCalibrationGrayscale.uasset" 392
"../../../Engine/Content/EngineMaterials/PPM_DefaultCalibrationGrayscale.uexp" 393
"../../../Engine/Content/EngineMaterials/DefaultCalibrationColor.uasset" 394
"../../../Engine/Content/EngineMaterials/DefaultCalibrationColor.uexp" 395
"../../../Engine/Content/EngineMaterials/PPM_DefaultCalibrationColor.uasset" 396
"../../../Engine/Content/EngineMaterials/PPM_DefaultCalibrationColor.uexp" 397
"../../../Engine/Content/EngineMaterials/PhAT_JointLimitMaterial.uasset" 398
"../../../Engine/Content/EngineMaterials/PhAT_JointLimitMaterial.uexp" 399
"../../../Engine/Content/EngineMaterials/NaniteHiddenSectionMaterial.uasset" 400
"../../../Engine/Content/EngineMaterials/NaniteHiddenSectionMaterial.uexp" 401
"../../../Engine/Content/EngineMaterials/InvalidLightmapSettings.ubulk" 402
"../../../Engine/Content/EngineMaterials/InvalidLightmapSettings.uasset" 403
"../../../Engine/Content/EngineMaterials/InvalidLightmapSettings.uexp" 404
"../../../Engine/Content/EngineMaterials/M_InvalidLightmapSettings.uasset" 405
"../../../Engine/Content/EngineMaterials/M_InvalidLightmapSettings.uexp" 406
"../../../Engine/Content/EngineMaterials/GizmoMaterial.uasset" 407
"../../../Engine/Content/EngineMaterials/GizmoMaterial.uexp" 408
"../../../Engine/Content/EngineMaterials/BaseFlattenEmissiveMap_VT.uasset" 409
"../../../Engine/Content/EngineMaterials/BaseFlattenEmissiveMap_VT.uexp" 410
"../../../Engine/Content/EngineMaterials/BaseFlattenGrayscaleMap_VT.uasset" 411
"../../../Engine/Content/EngineMaterials/BaseFlattenGrayscaleMap_VT.uexp" 412
"../../../Engine/Content/EngineMaterials/BaseFlattenLinearColor_VT.uasset" 413
"../../../Engine/Content/EngineMaterials/BaseFlattenLinearColor_VT.uexp" 414
"../../../Engine/Content/EngineMaterials/Black_1x1_EXR_Texture_VT.uasset" 415
"../../../Engine/Content/EngineMaterials/Black_1x1_EXR_Texture_VT.uexp" 416
"../../../Engine/Content/EngineMaterials/BaseFlattenDiffuseMap_VT.uasset" 417
"../../../Engine/Content/EngineMaterials/BaseFlattenDiffuseMap_VT.uexp" 418
"../../../Engine/Content/EngineMaterials/BaseFlattenNormalMap_VT.uasset" 419
"../../../Engine/Content/EngineMaterials/BaseFlattenNormalMap_VT.uexp" 420
"../../../Engine/Content/EngineMaterials/FlattenMaterial_WS_Normal_VT.uasset" 421
"../../../Engine/Content/EngineMaterials/FlattenMaterial_WS_Normal_VT.uexp" 422
"../../../Engine/Content/EngineMaterials/FlattenMaterial_VT.uasset" 423
"../../../Engine/Content/EngineMaterials/FlattenMaterial_VT.uexp" 424
"../../../Engine/Content/EngineMaterials/DefaultWhiteGrid_Low.uasset" 425
"../../../Engine/Content/EngineMaterials/DefaultWhiteGrid_Low.uexp" 426
"../../../Engine/Content/EngineMaterials/EmissiveMeshMaterial.uasset" 427
"../../../Engine/Content/EngineMaterials/EmissiveMeshMaterial.uexp" 428
"../../../Engine/Content/EngineFonts/RobotoDistanceField.uasset" 429
"../../../Engine/Content/EngineFonts/RobotoDistanceField.uexp" 430
"../../../Engine/Content/EngineMaterials/DefaultTextMaterialOpaque.uasset" 431
"../../../Engine/Content/EngineMaterials/DefaultTextMaterialOpaque.uexp" 432
"../../../Engine/Content/EngineMaterials/DefaultDiffuse.ubulk" 433
"../../../Engine/Content/EngineMaterials/DefaultDiffuse.uasset" 434
"../../../Engine/Content/EngineMaterials/DefaultDiffuse.uexp" 435
"../../../Engine/Content/Functions/Engine_MaterialFunctions02/Utility/BreakOutFloat2Components.uasset" 436
"../../../Engine/Content/Functions/Engine_MaterialFunctions02/Utility/BreakOutFloat2Components.uexp" 437
"../../../Engine/Content/EngineMaterials/DefaultPostProcessMaterial.uasset" 438
"../../../Engine/Content/EngineMaterials/DefaultPostProcessMaterial.uexp" 439
"../../../Engine/Content/EngineMaterials/DefaultPhysicalMaterial.uasset" 440
"../../../Engine/Content/EngineMaterials/DefaultPhysicalMaterial.uexp" 441
"../../../Engine/Content/EngineMaterials/DefaultLightFunctionMaterial.uasset" 442
"../../../Engine/Content/EngineMaterials/DefaultLightFunctionMaterial.uexp" 443
"../../../Engine/Content/EngineMaterials/DefaultDestructiblePhysicalMaterial.uasset" 444
"../../../Engine/Content/EngineMaterials/DefaultDestructiblePhysicalMaterial.uexp" 445
"../../../Engine/Content/EngineMaterials/DefaultDeferredDecalMaterial.uasset" 446
"../../../Engine/Content/EngineMaterials/DefaultDeferredDecalMaterial.uexp" 447
"../../../Engine/Content/EngineMaterials/DefaultBloomKernel.uasset" 448
"../../../Engine/Content/EngineMaterials/DefaultBloomKernel.uexp" 449
"../../../Engine/Content/EngineFonts/Faces/RobotoLight.uexp" 450
"../../../Engine/Content/EngineFonts/Faces/RobotoLight.uasset" 451
"../../../Engine/Content/EngineFonts/Faces/RobotoLight.ufont" 452
"../../../Engine/Content/EngineFonts/Faces/RobotoBold.uexp" 453
"../../../Engine/Content/EngineFonts/Faces/RobotoBold.uasset" 454
"../../../Engine/Content/EngineFonts/Faces/RobotoBold.ufont" 455
"../../../Engine/Content/EngineFonts/Faces/RobotoRegular.uexp" 456
"../../../Engine/Content/EngineFonts/Faces/RobotoRegular.uasset" 457
"../../../Engine/Content/EngineFonts/Faces/RobotoRegular.ufont" 458
"../../../Engine/Content/EngineFonts/Faces/DroidSansFallback.uexp" 459
"../../../Engine/Content/EngineFonts/Faces/DroidSansFallback.uasset" 460
"../../../Engine/Content/EngineFonts/Faces/DroidSansFallback.ufont" 461
"../../../Engine/Content/EngineFonts/Faces/RobotoItalic.uexp" 462
"../../../Engine/Content/EngineFonts/Faces/RobotoItalic.uasset" 463
"../../../Engine/Content/EngineFonts/Faces/RobotoItalic.ufont" 464
"../../../Engine/Content/EngineFonts/Faces/RobotoBoldItalic.uexp" 465
"../../../Engine/Content/EngineFonts/Faces/RobotoBoldItalic.uasset" 466
"../../../Engine/Content/EngineFonts/Faces/RobotoBoldItalic.ufont" 467
"../../../Engine/Content/EngineFonts/Roboto.uasset" 468
"../../../Engine/Content/EngineFonts/Roboto.uexp" 469
"../../../Engine/Content/Functions/Engine_MaterialFunctions02/Utility/CameraDirectionVector.uasset" 470
"../../../Engine/Content/Functions/Engine_MaterialFunctions02/Utility/CameraDirectionVector.uexp" 471
"../../../Engine/Content/EngineDebugMaterials/VolumeToRender.uasset" 472
"../../../Engine/Content/EngineDebugMaterials/VolumeToRender.uexp" 473
"../../../Engine/Content/EngineDebugMaterials/M_VolumeRenderSphereTracePP.uasset" 474
"../../../Engine/Content/EngineDebugMaterials/M_VolumeRenderSphereTracePP.uexp" 475
"../../../Engine/Content/EngineDebugMaterials/M_SimpleUnlitTranslucent.uasset" 476
"../../../Engine/Content/EngineDebugMaterials/M_SimpleUnlitTranslucent.uexp" 477
"../../../Engine/Content/EngineDebugMaterials/DebugMeshMaterial.uasset" 478
"../../../Engine/Content/EngineDebugMaterials/DebugMeshMaterial.uexp" 479
"../../../Engine/Content/EngineDebugMaterials/DebugEditorMaterial.uasset" 480
"../../../Engine/Content/EngineDebugMaterials/DebugEditorMaterial.uexp" 481
"../../../Engine/Content/EngineDamageTypes/DmgTypeBP_Environmental.uasset" 482
"../../../Engine/Content/EngineDamageTypes/DmgTypeBP_Environmental.uexp" 483
"../../../Engine/Content/EditorResources/S_Terrain.ubulk" 484
"../../../Engine/Content/EditorResources/S_Terrain.uasset" 485
"../../../Engine/Content/EditorResources/S_Terrain.uexp" 486
"../../../Engine/Content/EditorResources/EmptyActor.uasset" 487
"../../../Engine/Content/EditorResources/EmptyActor.uexp" 488
"../../../Engine/Content/EditorResources/BSPVertex.uasset" 489
"../../../Engine/Content/EditorResources/BSPVertex.uexp" 490
"../../../Engine/Content/EditorMaterials/PreviewShadowIndicator.ubulk" 491
"../../../Engine/Content/EditorMaterials/PreviewShadowIndicator.uasset" 492
"../../../Engine/Content/EditorMaterials/PreviewShadowIndicator.uexp" 493
"../../../Engine/Content/EditorMaterials/PreviewShadowIndicatorMaterial.uasset" 494
"../../../Engine/Content/EditorMaterials/PreviewShadowIndicatorMaterial.uexp" 495
"../../../Engine/Content/EditorMaterials/PhAT_UnselectedMaterial.uasset" 496
"../../../Engine/Content/EditorMaterials/PhAT_UnselectedMaterial.uexp" 497
"../../../Engine/Content/EditorMaterials/PhAT_NoCollisionMaterial.uasset" 498
"../../../Engine/Content/EditorMaterials/PhAT_NoCollisionMaterial.uexp" 499
"../../../Engine/Content/EngineMaterials/DefaultMaterial.uasset" 500
"../../../Engine/Content/EngineMaterials/DefaultMaterial.uexp" 501
"../../../Engine/Content/BasicShapes/Sphere.ubulk" 502
"../../../Engine/Content/BasicShapes/Sphere.uasset" 503
"../../../Engine/Content/BasicShapes/Sphere.uexp" 504
"../../../Engine/Content/BasicShapes/Cylinder.ubulk" 505
"../../../Engine/Content/BasicShapes/Cylinder.uasset" 506
"../../../Engine/Content/BasicShapes/Cylinder.uexp" 507
"../../../Engine/Content/BasicShapes/Cone.ubulk" 508
"../../../Engine/Content/BasicShapes/Cone.uasset" 509
"../../../Engine/Content/BasicShapes/Cone.uexp" 510
"../../../Engine/Content/EngineSky/VolumetricClouds/CloudWeatherTexture.uasset" 511
"../../../Engine/Content/EngineSky/VolumetricClouds/CloudWeatherTexture.uexp" 512
"../../../Engine/Content/Functions/Engine_MaterialFunctions02/Utility/MakeFloat2.uasset" 513
"../../../Engine/Content/Functions/Engine_MaterialFunctions02/Utility/MakeFloat2.uexp" 514
"../../../Engine/Content/EngineSky/VolumetricClouds/CloudGradientTexture.uasset" 515
"../../../Engine/Content/EngineSky/VolumetricClouds/CloudGradientTexture.uexp" 516
"../../../Engine/Content/EngineSky/VolumetricClouds/T_NoiseShape64.ubulk" 517
"../../../Engine/Content/EngineSky/VolumetricClouds/T_NoiseShape64.uasset" 518
"../../../Engine/Content/EngineSky/VolumetricClouds/T_NoiseShape64.uexp" 519
"../../../Engine/Content/EngineSky/VolumetricClouds/T_VolumeNoiseShape64.uasset" 520
"../../../Engine/Content/EngineSky/VolumetricClouds/T_VolumeNoiseShape64.uexp" 521
"../../../Engine/Content/EngineSky/VolumetricClouds/T_NoiseErosion.ubulk" 522
"../../../Engine/Content/EngineSky/VolumetricClouds/T_NoiseErosion.uasset" 523
"../../../Engine/Content/EngineSky/VolumetricClouds/T_NoiseErosion.uexp" 524
"../../../Engine/Content/EngineSky/VolumetricClouds/T_VolumeNoiseErosion32.uasset" 525
"../../../Engine/Content/EngineSky/VolumetricClouds/T_VolumeNoiseErosion32.uexp" 526
"../../../Engine/Content/EngineSky/VolumetricClouds/m_SimpleVolumetricCloud.uasset" 527
"../../../Engine/Content/EngineSky/VolumetricClouds/m_SimpleVolumetricCloud.uexp" 528
"../../../Engine/Content/EngineSky/VolumetricClouds/m_SimpleVolumetricCloud_Inst.uasset" 529
"../../../Engine/Content/EngineSky/VolumetricClouds/m_SimpleVolumetricCloud_Inst.uexp" 530
"../../../Engine/Content/EngineResources/FilmGrains/Marcie_Grain_v3_128_M2_000.uasset" 531
"../../../Engine/Content/EngineResources/FilmGrains/Marcie_Grain_v3_128_M2_000.uexp" 532
"D:/Progetti/PurgatorySeaServer/Unreal Engine/PurgatorySea/Content/Blueprints/Core/BP_PlayerController.uasset" 533
"D:/Progetti/PurgatorySeaServer/Unreal Engine/PurgatorySea/Content/Blueprints/Core/BP_PlayerController.uexp" 534
"../../../Engine/Content/BasicShapes/Cube.ubulk" 535
"../../../Engine/Content/BasicShapes/Cube.uasset" 536
"../../../Engine/Content/BasicShapes/Cube.uexp" 537
"D:/Progetti/PurgatorySeaServer/Unreal Engine/PurgatorySea/Content/Blueprints/Actors/BP_PlayerTile.uasset" 538
"D:/Progetti/PurgatorySeaServer/Unreal Engine/PurgatorySea/Content/Blueprints/Actors/BP_PlayerTile.uexp" 539
"../../../Engine/Content/MobileResources/HUD/VirtualJoystick_Background.uasset" 540
"../../../Engine/Content/MobileResources/HUD/VirtualJoystick_Background.uexp" 541
"../../../Engine/Content/MobileResources/HUD/VirtualJoystick_Thumb.uasset" 542
"../../../Engine/Content/MobileResources/HUD/VirtualJoystick_Thumb.uexp" 543
"../../../Engine/Content/MobileResources/HUD/DefaultVirtualJoysticks.uasset" 544
"../../../Engine/Content/MobileResources/HUD/DefaultVirtualJoysticks.uexp" 545
"../../../Engine/Content/EditorResources/SequenceRecorder/RecordingIndicator.uasset" 546
"../../../Engine/Content/EditorResources/SequenceRecorder/RecordingIndicator.uexp" 547
"../../../Engine/Content/EditorResources/SequenceRecorder/Countdown.uasset" 548
"../../../Engine/Content/EditorResources/SequenceRecorder/Countdown.uexp" 549
"../../../Engine/Content/Functions/Engine_MaterialFunctions01/Shading/PowerToRoughness.uasset" 550
"../../../Engine/Content/Functions/Engine_MaterialFunctions01/Shading/PowerToRoughness.uexp" 551
"../../../Engine/Content/Functions/Engine_MaterialFunctions01/Shading/ConvertFromDiffSpec.uasset" 552
"../../../Engine/Content/Functions/Engine_MaterialFunctions01/Shading/ConvertFromDiffSpec.uexp" 553
"D:/Progetti/PurgatorySeaServer/Unreal Engine/PurgatorySea/Content/Models/Ships/chinese_aircraft_carrier/textures/Material_Palette_norm_0.ubulk" 554
"D:/Progetti/PurgatorySeaServer/Unreal Engine/PurgatorySea/Content/Models/Ships/chinese_aircraft_carrier/textures/Material_Palette_norm_0.uasset" 555
"D:/Progetti/PurgatorySeaServer/Unreal Engine/PurgatorySea/Content/Models/Ships/chinese_aircraft_carrier/textures/Material_Palette_norm_0.uexp" 556
"D:/Progetti/PurgatorySeaServer/Unreal Engine/PurgatorySea/Content/Models/Ships/chinese_aircraft_carrier/textures/Material_Palette_norm_0_Mat.uasset" 557
"D:/Progetti/PurgatorySeaServer/Unreal Engine/PurgatorySea/Content/Models/Ships/chinese_aircraft_carrier/textures/Material_Palette_norm_0_Mat.uexp" 558
"D:/Progetti/PurgatorySeaServer/Unreal Engine/PurgatorySea/Content/Models/Ships/chinese_aircraft_carrier/source/Material_Palette_norm.ubulk" 559
"D:/Progetti/PurgatorySeaServer/Unreal Engine/PurgatorySea/Content/Models/Ships/chinese_aircraft_carrier/source/Material_Palette_norm.uasset" 560
"D:/Progetti/PurgatorySeaServer/Unreal Engine/PurgatorySea/Content/Models/Ships/chinese_aircraft_carrier/source/Material_Palette_norm.uexp" 561
"D:/Progetti/PurgatorySeaServer/Unreal Engine/PurgatorySea/Content/Models/Ships/chinese_aircraft_carrier/source/Material_Palette_Mat.uasset" 562
"D:/Progetti/PurgatorySeaServer/Unreal Engine/PurgatorySea/Content/Models/Ships/chinese_aircraft_carrier/source/Material_Palette_Mat.uexp" 563
"D:/Progetti/PurgatorySeaServer/Unreal Engine/PurgatorySea/Content/Models/Ships/uss-jack-h-lucas-ddg-125/textures/SH6L2_2_tga_15853527909305393568.ubulk" 564
"D:/Progetti/PurgatorySeaServer/Unreal Engine/PurgatorySea/Content/Models/Ships/uss-jack-h-lucas-ddg-125/textures/SH6L2_2_tga_15853527909305393568.uasset" 565
"D:/Progetti/PurgatorySeaServer/Unreal Engine/PurgatorySea/Content/Models/Ships/uss-jack-h-lucas-ddg-125/textures/SH6L2_2_tga_15853527909305393568.uexp" 566
"D:/Progetti/PurgatorySeaServer/Unreal Engine/PurgatorySea/Content/Models/Ships/uss-jack-h-lucas-ddg-125/textures/SH6L1_2_tga_11899704555594244116.ubulk" 567
"D:/Progetti/PurgatorySeaServer/Unreal Engine/PurgatorySea/Content/Models/Ships/uss-jack-h-lucas-ddg-125/textures/SH6L1_2_tga_11899704555594244116.uasset" 568
"D:/Progetti/PurgatorySeaServer/Unreal Engine/PurgatorySea/Content/Models/Ships/uss-jack-h-lucas-ddg-125/textures/SH6L1_2_tga_11899704555594244116.uexp" 569
"D:/Progetti/PurgatorySeaServer/Unreal Engine/PurgatorySea/Content/Models/Ships/uss-jack-h-lucas-ddg-125/textures/SH6AL_8153810648107067296.ubulk" 570
"D:/Progetti/PurgatorySeaServer/Unreal Engine/PurgatorySea/Content/Models/Ships/uss-jack-h-lucas-ddg-125/textures/SH6AL_8153810648107067296.uasset" 571
"D:/Progetti/PurgatorySeaServer/Unreal Engine/PurgatorySea/Content/Models/Ships/uss-jack-h-lucas-ddg-125/textures/SH6AL_8153810648107067296.uexp" 572
"D:/Progetti/PurgatorySeaServer/Unreal Engine/PurgatorySea/Content/Models/Ships/uss-jack-h-lucas-ddg-125/textures/phalanx_base_d_jpg_jpg.ubulk" 573
"D:/Progetti/PurgatorySeaServer/Unreal Engine/PurgatorySea/Content/Models/Ships/uss-jack-h-lucas-ddg-125/textures/phalanx_base_d_jpg_jpg.uasset" 574
"D:/Progetti/PurgatorySeaServer/Unreal Engine/PurgatorySea/Content/Models/Ships/uss-jack-h-lucas-ddg-125/textures/phalanx_base_d_jpg_jpg.uexp" 575
"D:/Progetti/PurgatorySeaServer/Unreal Engine/PurgatorySea/Content/Models/Ships/uss-jack-h-lucas-ddg-125/textures/mk_45_mod_4_base_d_jpg_jpg.ubulk" 576
"D:/Progetti/PurgatorySeaServer/Unreal Engine/PurgatorySea/Content/Models/Ships/uss-jack-h-lucas-ddg-125/textures/mk_45_mod_4_base_d_jpg_jpg.uasset" 577
"D:/Progetti/PurgatorySeaServer/Unreal Engine/PurgatorySea/Content/Models/Ships/uss-jack-h-lucas-ddg-125/textures/mk_45_mod_4_base_d_jpg_jpg.uexp" 578
"D:/Progetti/PurgatorySeaServer/Unreal Engine/PurgatorySea/Content/Models/Ships/uss-jack-h-lucas-ddg-125/textures/mk_38_base_d_jpg_jpg.ubulk" 579
"D:/Progetti/PurgatorySeaServer/Unreal Engine/PurgatorySea/Content/Models/Ships/uss-jack-h-lucas-ddg-125/textures/mk_38_base_d_jpg_jpg.uasset" 580
"D:/Progetti/PurgatorySeaServer/Unreal Engine/PurgatorySea/Content/Models/Ships/uss-jack-h-lucas-ddg-125/textures/mk_38_base_d_jpg_jpg.uexp" 581
"D:/Progetti/PurgatorySeaServer/Unreal Engine/PurgatorySea/Content/Models/Ships/uss-jack-h-lucas-ddg-125/textures/mk_32_base_d_jpg_jpg.ubulk" 582
"D:/Progetti/PurgatorySeaServer/Unreal Engine/PurgatorySea/Content/Models/Ships/uss-jack-h-lucas-ddg-125/textures/mk_32_base_d_jpg_jpg.uasset" 583
"D:/Progetti/PurgatorySeaServer/Unreal Engine/PurgatorySea/Content/Models/Ships/uss-jack-h-lucas-ddg-125/textures/mk_32_base_d_jpg_jpg.uexp" 584
"D:/Progetti/PurgatorySeaServer/Unreal Engine/PurgatorySea/Content/Models/Ships/uss-jack-h-lucas-ddg-125/textures/JackHLucas.ubulk" 585
"D:/Progetti/PurgatorySeaServer/Unreal Engine/PurgatorySea/Content/Models/Ships/uss-jack-h-lucas-ddg-125/textures/JackHLucas.uasset" 586
"D:/Progetti/PurgatorySeaServer/Unreal Engine/PurgatorySea/Content/Models/Ships/uss-jack-h-lucas-ddg-125/textures/JackHLucas.uexp" 587
"D:/Progetti/PurgatorySeaServer/Unreal Engine/PurgatorySea/Content/Models/Ships/uss-jack-h-lucas-ddg-125/textures/arleigh_burke_detail_base_d_jpg_jpg.ubulk" 588
"D:/Progetti/PurgatorySeaServer/Unreal Engine/PurgatorySea/Content/Models/Ships/uss-jack-h-lucas-ddg-125/textures/arleigh_burke_detail_base_d_jpg_jpg.uasset" 589
"D:/Progetti/PurgatorySeaServer/Unreal Engine/PurgatorySea/Content/Models/Ships/uss-jack-h-lucas-ddg-125/textures/arleigh_burke_detail_base_d_jpg_jpg.uexp" 590
"D:/Progetti/PurgatorySeaServer/Unreal Engine/PurgatorySea/Content/Models/Ships/uss-jack-h-lucas-ddg-125/textures/4295932633228651_UH60_texture_d_jpg_jpg.ubulk" 591
"D:/Progetti/PurgatorySeaServer/Unreal Engine/PurgatorySea/Content/Models/Ships/uss-jack-h-lucas-ddg-125/textures/4295932633228651_UH60_texture_d_jpg_jpg.uasset" 592
"D:/Progetti/PurgatorySeaServer/Unreal Engine/PurgatorySea/Content/Models/Ships/uss-jack-h-lucas-ddg-125/textures/4295932633228651_UH60_texture_d_jpg_jpg.uexp" 593
"D:/Progetti/PurgatorySeaServer/Unreal Engine/PurgatorySea/Content/Models/Ships/uss-jack-h-lucas-ddg-125/textures/4295932633228651_UH60_blade_d_jpg_jpg.ubulk" 594
"D:/Progetti/PurgatorySeaServer/Unreal Engine/PurgatorySea/Content/Models/Ships/uss-jack-h-lucas-ddg-125/textures/4295932633228651_UH60_blade_d_jpg_jpg.uasset" 595
"D:/Progetti/PurgatorySeaServer/Unreal Engine/PurgatorySea/Content/Models/Ships/uss-jack-h-lucas-ddg-125/textures/4295932633228651_UH60_blade_d_jpg_jpg.uexp" 596
"D:/Progetti/PurgatorySeaServer/Unreal Engine/PurgatorySea/Content/Models/Ships/submarine/textures/MetalFasterners0067_2_download600_SPEC.uasset" 597
"D:/Progetti/PurgatorySeaServer/Unreal Engine/PurgatorySea/Content/Models/Ships/submarine/textures/MetalFasterners0067_2_download600_SPEC.uexp" 598
"D:/Progetti/PurgatorySeaServer/Unreal Engine/PurgatorySea/Content/Models/Ships/submarine/textures/MetalFasterners0067_2_download600_OCC.uasset" 599
"D:/Progetti/PurgatorySeaServer/Unreal Engine/PurgatorySea/Content/Models/Ships/submarine/textures/MetalFasterners0067_2_download600_OCC.uexp" 600
"D:/Progetti/PurgatorySeaServer/Unreal Engine/PurgatorySea/Content/Models/Ships/submarine/textures/MetalFasterners0067_2_download600_NRM.uasset" 601
"D:/Progetti/PurgatorySeaServer/Unreal Engine/PurgatorySea/Content/Models/Ships/submarine/textures/MetalFasterners0067_2_download600_NRM.uexp" 602
"D:/Progetti/PurgatorySeaServer/Unreal Engine/PurgatorySea/Content/Models/Ships/submarine/textures/Metal003_2K_Roughness.ubulk" 603
"D:/Progetti/PurgatorySeaServer/Unreal Engine/PurgatorySea/Content/Models/Ships/submarine/textures/Metal003_2K_Roughness.uasset" 604
"D:/Progetti/PurgatorySeaServer/Unreal Engine/PurgatorySea/Content/Models/Ships/submarine/textures/Metal003_2K_Roughness.uexp" 605
"D:/Progetti/PurgatorySeaServer/Unreal Engine/PurgatorySea/Content/Models/Ships/submarine/textures/Metal003_2K_Normal.ubulk" 606
"D:/Progetti/PurgatorySeaServer/Unreal Engine/PurgatorySea/Content/Models/Ships/submarine/textures/Metal003_2K_Normal.uasset" 607
"D:/Progetti/PurgatorySeaServer/Unreal Engine/PurgatorySea/Content/Models/Ships/submarine/textures/Metal003_2K_Normal.uexp" 608
"D:/Progetti/PurgatorySeaServer/Unreal Engine/PurgatorySea/Content/Models/Ships/submarine/textures/Metal003_2K_Metalness.ubulk" 609
"D:/Progetti/PurgatorySeaServer/Unreal Engine/PurgatorySea/Content/Models/Ships/submarine/textures/Metal003_2K_Metalness.uasset" 610
"D:/Progetti/PurgatorySeaServer/Unreal Engine/PurgatorySea/Content/Models/Ships/submarine/textures/Metal003_2K_Metalness.uexp" 611
"D:/Progetti/PurgatorySeaServer/Unreal Engine/PurgatorySea/Content/Models/Ships/submarine/textures/Metal003_2K_Color.ubulk" 612
"D:/Progetti/PurgatorySeaServer/Unreal Engine/PurgatorySea/Content/Models/Ships/submarine/textures/Metal003_2K_Color.uasset" 613
"D:/Progetti/PurgatorySeaServer/Unreal Engine/PurgatorySea/Content/Models/Ships/submarine/textures/Metal003_2K_Color.uexp" 614
"../../../Engine/Content/EngineMaterials/BaseFlattenNormalMap.uasset" 615
"../../../Engine/Content/EngineMaterials/BaseFlattenNormalMap.uexp" 616
"../../../Engine/Content/EngineMaterials/BaseFlattenGrayscaleMap.uasset" 617
"../../../Engine/Content/EngineMaterials/BaseFlattenGrayscaleMap.uexp" 618
"../../../Engine/Content/EngineMaterials/BaseFlattenDiffuseMap.uasset" 619
"../../../Engine/Content/EngineMaterials/BaseFlattenDiffuseMap.uexp" 620
"../../../Engine/Content/Functions/Engine_MaterialFunctions02/PivotPainter2/Black_1x1_EXR_Texture.uasset" 621
"../../../Engine/Content/Functions/Engine_MaterialFunctions02/PivotPainter2/Black_1x1_EXR_Texture.uexp" 622
"../../../Engine/Content/EngineMaterials/BaseFlattenEmissiveMap.uasset" 623
"../../../Engine/Content/EngineMaterials/BaseFlattenEmissiveMap.uexp" 624
"../../../Engine/Content/EngineMaterials/BaseFlattenLinearColor.uasset" 625
"../../../Engine/Content/EngineMaterials/BaseFlattenLinearColor.uexp" 626
"../../../Engine/Content/EngineMaterials/FlattenMaterial.uasset" 627
"../../../Engine/Content/EngineMaterials/FlattenMaterial.uexp" 628
"D:/Progetti/PurgatorySeaServer/Unreal Engine/PurgatorySea/Content/Models/Ships/submarine/source/M_M_submarin__M_M_submarin__Material_76EE1F6C40E07BD5E60630A5C0305BF8_77AE58FC46D673FA29FB4F8DD3EE322F.uasset" 629
"D:/Progetti/PurgatorySeaServer/Unreal Engine/PurgatorySea/Content/Models/Ships/submarine/source/M_M_submarin__M_M_submarin__Material_76EE1F6C40E07BD5E60630A5C0305BF8_77AE58FC46D673FA29FB4F8DD3EE322F.uexp" 630
"D:/Progetti/PurgatorySeaServer/Unreal Engine/PurgatorySea/Content/Models/Ships/submarine/source/M_M_submarin__Material_BCAB66A5447DD5CDDB34FD8016F29695.uasset" 631
"D:/Progetti/PurgatorySeaServer/Unreal Engine/PurgatorySea/Content/Models/Ships/submarine/source/M_M_submarin__Material_BCAB66A5447DD5CDDB34FD8016F29695.uexp" 632
"D:/Progetti/PurgatorySeaServer/Unreal Engine/PurgatorySea/Content/Models/Ships/submarine/source/M_M_submarin__Material_76EE1F6C40E07BD5E60630A5C0305BF8.uasset" 633
"D:/Progetti/PurgatorySeaServer/Unreal Engine/PurgatorySea/Content/Models/Ships/submarine/source/M_M_submarin__Material_76EE1F6C40E07BD5E60630A5C0305BF8.uexp" 634
"D:/Progetti/PurgatorySeaServer/Unreal Engine/PurgatorySea/Content/Models/Ships/submarine/source/M_M_submarin__Material_4BEC75D24FF84CF74479AB9DAEBC9077.uasset" 635
"D:/Progetti/PurgatorySeaServer/Unreal Engine/PurgatorySea/Content/Models/Ships/submarine/source/M_M_submarin__Material_4BEC75D24FF84CF74479AB9DAEBC9077.uexp" 636
"D:/Progetti/PurgatorySeaServer/Unreal Engine/PurgatorySea/Content/Models/Ships/Shershen-ClassTorpedoBoat/textures/YugoslavNavyFlag.uasset" 637
"D:/Progetti/PurgatorySeaServer/Unreal Engine/PurgatorySea/Content/Models/Ships/Shershen-ClassTorpedoBoat/textures/YugoslavNavyFlag.uexp" 638
"D:/Progetti/PurgatorySeaServer/Unreal Engine/PurgatorySea/Content/Models/Ships/Shershen-ClassTorpedoBoat/textures/Pallete128.ubulk" 639
"D:/Progetti/PurgatorySeaServer/Unreal Engine/PurgatorySea/Content/Models/Ships/Shershen-ClassTorpedoBoat/textures/Pallete128.uasset" 640
"D:/Progetti/PurgatorySeaServer/Unreal Engine/PurgatorySea/Content/Models/Ships/Shershen-ClassTorpedoBoat/textures/Pallete128.uexp" 641
"D:/Progetti/PurgatorySeaServer/Unreal Engine/PurgatorySea/Content/Models/Ships/japanese_underwater_aircraft_carrier/textures/DogoRough.ubulk" 642
"D:/Progetti/PurgatorySeaServer/Unreal Engine/PurgatorySea/Content/Models/Ships/japanese_underwater_aircraft_carrier/textures/DogoRough.uasset" 643
"D:/Progetti/PurgatorySeaServer/Unreal Engine/PurgatorySea/Content/Models/Ships/japanese_underwater_aircraft_carrier/textures/DogoRough.uexp" 644
"D:/Progetti/PurgatorySeaServer/Unreal Engine/PurgatorySea/Content/Models/Ships/japanese_underwater_aircraft_carrier/textures/DogoNormal.ubulk" 645
"D:/Progetti/PurgatorySeaServer/Unreal Engine/PurgatorySea/Content/Models/Ships/japanese_underwater_aircraft_carrier/textures/DogoNormal.uasset" 646
"D:/Progetti/PurgatorySeaServer/Unreal Engine/PurgatorySea/Content/Models/Ships/japanese_underwater_aircraft_carrier/textures/DogoNormal.uexp" 647
"D:/Progetti/PurgatorySeaServer/Unreal Engine/PurgatorySea/Content/Models/Ships/japanese_underwater_aircraft_carrier/textures/DogoDiff.ubulk" 648
"D:/Progetti/PurgatorySeaServer/Unreal Engine/PurgatorySea/Content/Models/Ships/japanese_underwater_aircraft_carrier/textures/DogoDiff.uasset" 649
"D:/Progetti/PurgatorySeaServer/Unreal Engine/PurgatorySea/Content/Models/Ships/japanese_underwater_aircraft_carrier/textures/DogoDiff.uexp" 650
"D:/Progetti/PurgatorySeaServer/Unreal Engine/PurgatorySea/Content/Models/Ships/japanese_underwater_aircraft_carrier/source/Dogo4sketch/DogoRough.ubulk" 651
"D:/Progetti/PurgatorySeaServer/Unreal Engine/PurgatorySea/Content/Models/Ships/japanese_underwater_aircraft_carrier/source/Dogo4sketch/DogoRough.uasset" 652
"D:/Progetti/PurgatorySeaServer/Unreal Engine/PurgatorySea/Content/Models/Ships/japanese_underwater_aircraft_carrier/source/Dogo4sketch/DogoRough.uexp" 653
"D:/Progetti/PurgatorySeaServer/Unreal Engine/PurgatorySea/Content/Models/Ships/japanese_underwater_aircraft_carrier/source/Dogo4sketch/DogoNormal.ubulk" 654
"D:/Progetti/PurgatorySeaServer/Unreal Engine/PurgatorySea/Content/Models/Ships/japanese_underwater_aircraft_carrier/source/Dogo4sketch/DogoNormal.uasset" 655
"D:/Progetti/PurgatorySeaServer/Unreal Engine/PurgatorySea/Content/Models/Ships/japanese_underwater_aircraft_carrier/source/Dogo4sketch/DogoNormal.uexp" 656
"D:/Progetti/PurgatorySeaServer/Unreal Engine/PurgatorySea/Content/Models/Ships/uss-jack-h-lucas-ddg-125/source/Jack_H__Lucas/Jack_H/TEX_SH6L2_2_tga_15853527909305393568.ubulk" 657
"D:/Progetti/PurgatorySeaServer/Unreal Engine/PurgatorySea/Content/Models/Ships/uss-jack-h-lucas-ddg-125/source/Jack_H__Lucas/Jack_H/TEX_SH6L2_2_tga_15853527909305393568.uasset" 658
"D:/Progetti/PurgatorySeaServer/Unreal Engine/PurgatorySea/Content/Models/Ships/uss-jack-h-lucas-ddg-125/source/Jack_H__Lucas/Jack_H/TEX_SH6L2_2_tga_15853527909305393568.uexp" 659
"D:/Progetti/PurgatorySeaServer/Unreal Engine/PurgatorySea/Content/Models/Ships/uss-jack-h-lucas-ddg-125/source/Jack_H__Lucas/Jack_H/TEX_SH6L1_2_tga_11899704555594244116.ubulk" 660
"D:/Progetti/PurgatorySeaServer/Unreal Engine/PurgatorySea/Content/Models/Ships/uss-jack-h-lucas-ddg-125/source/Jack_H__Lucas/Jack_H/TEX_SH6L1_2_tga_11899704555594244116.uasset" 661
"D:/Progetti/PurgatorySeaServer/Unreal Engine/PurgatorySea/Content/Models/Ships/uss-jack-h-lucas-ddg-125/source/Jack_H__Lucas/Jack_H/TEX_SH6L1_2_tga_11899704555594244116.uexp" 662
"D:/Progetti/PurgatorySeaServer/Unreal Engine/PurgatorySea/Content/Models/Ships/uss-jack-h-lucas-ddg-125/source/Jack_H__Lucas/Jack_H/TEX_SH6AL_8153810648107067296.ubulk" 663
"D:/Progetti/PurgatorySeaServer/Unreal Engine/PurgatorySea/Content/Models/Ships/uss-jack-h-lucas-ddg-125/source/Jack_H__Lucas/Jack_H/TEX_SH6AL_8153810648107067296.uasset" 664
"D:/Progetti/PurgatorySeaServer/Unreal Engine/PurgatorySea/Content/Models/Ships/uss-jack-h-lucas-ddg-125/source/Jack_H__Lucas/Jack_H/TEX_SH6AL_8153810648107067296.uexp" 665
"D:/Progetti/PurgatorySeaServer/Unreal Engine/PurgatorySea/Content/Models/Ships/uss-jack-h-lucas-ddg-125/source/Jack_H__Lucas/Jack_H/TEX_phalanx_base_d_jpg_jpg.ubulk" 666
"D:/Progetti/PurgatorySeaServer/Unreal Engine/PurgatorySea/Content/Models/Ships/uss-jack-h-lucas-ddg-125/source/Jack_H__Lucas/Jack_H/TEX_phalanx_base_d_jpg_jpg.uasset" 667
"D:/Progetti/PurgatorySeaServer/Unreal Engine/PurgatorySea/Content/Models/Ships/uss-jack-h-lucas-ddg-125/source/Jack_H__Lucas/Jack_H/TEX_phalanx_base_d_jpg_jpg.uexp" 668
"D:/Progetti/PurgatorySeaServer/Unreal Engine/PurgatorySea/Content/Models/Ships/uss-jack-h-lucas-ddg-125/source/Jack_H__Lucas/Jack_H/TEX_mk_45_mod_4_base_d_jpg_jpg.ubulk" 669
"D:/Progetti/PurgatorySeaServer/Unreal Engine/PurgatorySea/Content/Models/Ships/uss-jack-h-lucas-ddg-125/source/Jack_H__Lucas/Jack_H/TEX_mk_45_mod_4_base_d_jpg_jpg.uasset" 670
"D:/Progetti/PurgatorySeaServer/Unreal Engine/PurgatorySea/Content/Models/Ships/uss-jack-h-lucas-ddg-125/source/Jack_H__Lucas/Jack_H/TEX_mk_45_mod_4_base_d_jpg_jpg.uexp" 671
"D:/Progetti/PurgatorySeaServer/Unreal Engine/PurgatorySea/Content/Models/Ships/uss-jack-h-lucas-ddg-125/source/Jack_H__Lucas/Jack_H/TEX_mk_38_base_d_jpg_jpg.ubulk" 672
"D:/Progetti/PurgatorySeaServer/Unreal Engine/PurgatorySea/Content/Models/Ships/uss-jack-h-lucas-ddg-125/source/Jack_H__Lucas/Jack_H/TEX_mk_38_base_d_jpg_jpg.uasset" 673
"D:/Progetti/PurgatorySeaServer/Unreal Engine/PurgatorySea/Content/Models/Ships/uss-jack-h-lucas-ddg-125/source/Jack_H__Lucas/Jack_H/TEX_mk_38_base_d_jpg_jpg.uexp" 674
"D:/Progetti/PurgatorySeaServer/Unreal Engine/PurgatorySea/Content/Models/Ships/uss-jack-h-lucas-ddg-125/source/Jack_H__Lucas/Jack_H/TEX_mk_32_base_d_jpg_jpg.ubulk" 675
"D:/Progetti/PurgatorySeaServer/Unreal Engine/PurgatorySea/Content/Models/Ships/uss-jack-h-lucas-ddg-125/source/Jack_H__Lucas/Jack_H/TEX_mk_32_base_d_jpg_jpg.uasset" 676
"D:/Progetti/PurgatorySeaServer/Unreal Engine/PurgatorySea/Content/Models/Ships/uss-jack-h-lucas-ddg-125/source/Jack_H__Lucas/Jack_H/TEX_mk_32_base_d_jpg_jpg.uexp" 677
"D:/Progetti/PurgatorySeaServer/Unreal Engine/PurgatorySea/Content/Models/Ships/uss-jack-h-lucas-ddg-125/source/Jack_H__Lucas/Jack_H/TEX_JackHLucas.ubulk" 678
"D:/Progetti/PurgatorySeaServer/Unreal Engine/PurgatorySea/Content/Models/Ships/uss-jack-h-lucas-ddg-125/source/Jack_H__Lucas/Jack_H/TEX_JackHLucas.uasset" 679
"D:/Progetti/PurgatorySeaServer/Unreal Engine/PurgatorySea/Content/Models/Ships/uss-jack-h-lucas-ddg-125/source/Jack_H__Lucas/Jack_H/TEX_JackHLucas.uexp" 680
"D:/Progetti/PurgatorySeaServer/Unreal Engine/PurgatorySea/Content/Models/Ships/uss-jack-h-lucas-ddg-125/source/Jack_H__Lucas/Jack_H/TEX_arleigh_burke_detail_base_d_jpg_jpg.ubulk" 681
"D:/Progetti/PurgatorySeaServer/Unreal Engine/PurgatorySea/Content/Models/Ships/uss-jack-h-lucas-ddg-125/source/Jack_H__Lucas/Jack_H/TEX_arleigh_burke_detail_base_d_jpg_jpg.uasset" 682
"D:/Progetti/PurgatorySeaServer/Unreal Engine/PurgatorySea/Content/Models/Ships/uss-jack-h-lucas-ddg-125/source/Jack_H__Lucas/Jack_H/TEX_arleigh_burke_detail_base_d_jpg_jpg.uexp" 683
"D:/Progetti/PurgatorySeaServer/Unreal Engine/PurgatorySea/Content/Models/Ships/uss-jack-h-lucas-ddg-125/source/Jack_H__Lucas/Jack_H/TEX_4295932633228651_UH60_texture_d_jpg_jpg.ubulk" 684
"D:/Progetti/PurgatorySeaServer/Unreal Engine/PurgatorySea/Content/Models/Ships/uss-jack-h-lucas-ddg-125/source/Jack_H__Lucas/Jack_H/TEX_4295932633228651_UH60_texture_d_jpg_jpg.uasset" 685
"D:/Progetti/PurgatorySeaServer/Unreal Engine/PurgatorySea/Content/Models/Ships/uss-jack-h-lucas-ddg-125/source/Jack_H__Lucas/Jack_H/TEX_4295932633228651_UH60_texture_d_jpg_jpg.uexp" 686
"D:/Progetti/PurgatorySeaServer/Unreal Engine/PurgatorySea/Content/Models/Ships/uss-jack-h-lucas-ddg-125/source/Jack_H__Lucas/Jack_H/TEX_4295932633228651_UH60_blade_d_jpg_jpg.ubulk" 687
"D:/Progetti/PurgatorySeaServer/Unreal Engine/PurgatorySea/Content/Models/Ships/uss-jack-h-lucas-ddg-125/source/Jack_H__Lucas/Jack_H/TEX_4295932633228651_UH60_blade_d_jpg_jpg.uasset" 688
"D:/Progetti/PurgatorySeaServer/Unreal Engine/PurgatorySea/Content/Models/Ships/uss-jack-h-lucas-ddg-125/source/Jack_H__Lucas/Jack_H/TEX_4295932633228651_UH60_blade_d_jpg_jpg.uexp" 689
"D:/Progetti/PurgatorySeaServer/Unreal Engine/PurgatorySea/Content/Models/Ships/uss-jack-h-lucas-ddg-125/source/Jack_H__Lucas/Jack_H/SH6L2_2_tga_15853527909305393568.ubulk" 690
"D:/Progetti/PurgatorySeaServer/Unreal Engine/PurgatorySea/Content/Models/Ships/uss-jack-h-lucas-ddg-125/source/Jack_H__Lucas/Jack_H/SH6L2_2_tga_15853527909305393568.uasset" 691
"D:/Progetti/PurgatorySeaServer/Unreal Engine/PurgatorySea/Content/Models/Ships/uss-jack-h-lucas-ddg-125/source/Jack_H__Lucas/Jack_H/SH6L2_2_tga_15853527909305393568.uexp" 692
"D:/Progetti/PurgatorySeaServer/Unreal Engine/PurgatorySea/Content/Models/Ships/uss-jack-h-lucas-ddg-125/source/Jack_H__Lucas/Jack_H/SH6L1_2_tga_11899704555594244116.ubulk" 693
"D:/Progetti/PurgatorySeaServer/Unreal Engine/PurgatorySea/Content/Models/Ships/uss-jack-h-lucas-ddg-125/source/Jack_H__Lucas/Jack_H/SH6L1_2_tga_11899704555594244116.uasset" 694
"D:/Progetti/PurgatorySeaServer/Unreal Engine/PurgatorySea/Content/Models/Ships/uss-jack-h-lucas-ddg-125/source/Jack_H__Lucas/Jack_H/SH6L1_2_tga_11899704555594244116.uexp" 695
"D:/Progetti/PurgatorySeaServer/Unreal Engine/PurgatorySea/Content/Models/Ships/uss-jack-h-lucas-ddg-125/source/Jack_H__Lucas/Jack_H/SH6AL_8153810648107067296.ubulk" 696
"D:/Progetti/PurgatorySeaServer/Unreal Engine/PurgatorySea/Content/Models/Ships/uss-jack-h-lucas-ddg-125/source/Jack_H__Lucas/Jack_H/SH6AL_8153810648107067296.uasset" 697
"D:/Progetti/PurgatorySeaServer/Unreal Engine/PurgatorySea/Content/Models/Ships/uss-jack-h-lucas-ddg-125/source/Jack_H__Lucas/Jack_H/SH6AL_8153810648107067296.uexp" 698
"D:/Progetti/PurgatorySeaServer/Unreal Engine/PurgatorySea/Content/Models/Ships/uss-jack-h-lucas-ddg-125/source/Jack_H__Lucas/Jack_H/phalanx_base_d_jpg_jpg.ubulk" 699
"D:/Progetti/PurgatorySeaServer/Unreal Engine/PurgatorySea/Content/Models/Ships/uss-jack-h-lucas-ddg-125/source/Jack_H__Lucas/Jack_H/phalanx_base_d_jpg_jpg.uasset" 700
"D:/Progetti/PurgatorySeaServer/Unreal Engine/PurgatorySea/Content/Models/Ships/uss-jack-h-lucas-ddg-125/source/Jack_H__Lucas/Jack_H/phalanx_base_d_jpg_jpg.uexp" 701
"D:/Progetti/PurgatorySeaServer/Unreal Engine/PurgatorySea/Content/Models/Ships/uss-jack-h-lucas-ddg-125/source/Jack_H__Lucas/Jack_H/mk_45_mod_4_base_d_jpg_jpg.ubulk" 702
"D:/Progetti/PurgatorySeaServer/Unreal Engine/PurgatorySea/Content/Models/Ships/uss-jack-h-lucas-ddg-125/source/Jack_H__Lucas/Jack_H/mk_45_mod_4_base_d_jpg_jpg.uasset" 703
"D:/Progetti/PurgatorySeaServer/Unreal Engine/PurgatorySea/Content/Models/Ships/uss-jack-h-lucas-ddg-125/source/Jack_H__Lucas/Jack_H/mk_45_mod_4_base_d_jpg_jpg.uexp" 704
"D:/Progetti/PurgatorySeaServer/Unreal Engine/PurgatorySea/Content/Models/Ships/uss-jack-h-lucas-ddg-125/source/Jack_H__Lucas/Jack_H/mk_38_base_d_jpg_jpg.ubulk" 705
"D:/Progetti/PurgatorySeaServer/Unreal Engine/PurgatorySea/Content/Models/Ships/uss-jack-h-lucas-ddg-125/source/Jack_H__Lucas/Jack_H/mk_38_base_d_jpg_jpg.uasset" 706
"D:/Progetti/PurgatorySeaServer/Unreal Engine/PurgatorySea/Content/Models/Ships/uss-jack-h-lucas-ddg-125/source/Jack_H__Lucas/Jack_H/mk_38_base_d_jpg_jpg.uexp" 707
"D:/Progetti/PurgatorySeaServer/Unreal Engine/PurgatorySea/Content/Models/Ships/uss-jack-h-lucas-ddg-125/source/Jack_H__Lucas/Jack_H/mk_32_base_d_jpg_jpg.ubulk" 708
"D:/Progetti/PurgatorySeaServer/Unreal Engine/PurgatorySea/Content/Models/Ships/uss-jack-h-lucas-ddg-125/source/Jack_H__Lucas/Jack_H/mk_32_base_d_jpg_jpg.uasset" 709
"D:/Progetti/PurgatorySeaServer/Unreal Engine/PurgatorySea/Content/Models/Ships/uss-jack-h-lucas-ddg-125/source/Jack_H__Lucas/Jack_H/mk_32_base_d_jpg_jpg.uexp" 710
"D:/Progetti/PurgatorySeaServer/Unreal Engine/PurgatorySea/Content/Models/Ships/uss-jack-h-lucas-ddg-125/source/Jack_H__Lucas/Jack_H/arleigh_burke_detail_base_d_jpg_jpg.ubulk" 711
"D:/Progetti/PurgatorySeaServer/Unreal Engine/PurgatorySea/Content/Models/Ships/uss-jack-h-lucas-ddg-125/source/Jack_H__Lucas/Jack_H/arleigh_burke_detail_base_d_jpg_jpg.uasset" 712
"D:/Progetti/PurgatorySeaServer/Unreal Engine/PurgatorySea/Content/Models/Ships/uss-jack-h-lucas-ddg-125/source/Jack_H__Lucas/Jack_H/arleigh_burke_detail_base_d_jpg_jpg.uexp" 713
"D:/Progetti/PurgatorySeaServer/Unreal Engine/PurgatorySea/Content/Models/Ships/uss-jack-h-lucas-ddg-125/source/Jack_H__Lucas/Jack_H/4295932633228651_UH60_texture_d_jpg_jpg.ubulk" 714
"D:/Progetti/PurgatorySeaServer/Unreal Engine/PurgatorySea/Content/Models/Ships/uss-jack-h-lucas-ddg-125/source/Jack_H__Lucas/Jack_H/4295932633228651_UH60_texture_d_jpg_jpg.uasset" 715
"D:/Progetti/PurgatorySeaServer/Unreal Engine/PurgatorySea/Content/Models/Ships/uss-jack-h-lucas-ddg-125/source/Jack_H__Lucas/Jack_H/4295932633228651_UH60_texture_d_jpg_jpg.uexp" 716
"D:/Progetti/PurgatorySeaServer/Unreal Engine/PurgatorySea/Content/Models/Ships/uss-jack-h-lucas-ddg-125/source/Jack_H__Lucas/Jack_H/4295932633228651_UH60_blade_d_jpg_jpg.ubulk" 717
"D:/Progetti/PurgatorySeaServer/Unreal Engine/PurgatorySea/Content/Models/Ships/uss-jack-h-lucas-ddg-125/source/Jack_H__Lucas/Jack_H/4295932633228651_UH60_blade_d_jpg_jpg.uasset" 718
"D:/Progetti/PurgatorySeaServer/Unreal Engine/PurgatorySea/Content/Models/Ships/uss-jack-h-lucas-ddg-125/source/Jack_H__Lucas/Jack_H/4295932633228651_UH60_blade_d_jpg_jpg.uexp" 719
"../../../Engine/Content/BasicShapes/Plane.ubulk" 720
"../../../Engine/Content/BasicShapes/Plane.uasset" 721
"../../../Engine/Content/BasicShapes/Plane.uexp" 722
"../../../Engine/Content/EngineSky/T_Sky_Stars.ubulk" 723
"../../../Engine/Content/EngineSky/T_Sky_Stars.uasset" 724
"../../../Engine/Content/EngineSky/T_Sky_Stars.uexp" 725
"../../../Engine/Content/EngineSky/T_Sky_Clouds_M.ubulk" 726
"../../../Engine/Content/EngineSky/T_Sky_Clouds_M.uasset" 727
"../../../Engine/Content/EngineSky/T_Sky_Clouds_M.uexp" 728
"../../../Engine/Content/EngineSky/T_Sky_Blue.ubulk" 729
"../../../Engine/Content/EngineSky/T_Sky_Blue.uasset" 730
"../../../Engine/Content/EngineSky/T_Sky_Blue.uexp" 731
"../../../Engine/Content/EngineSky/M_Sky_Panning_Clouds2.uasset" 732
"../../../Engine/Content/EngineSky/M_Sky_Panning_Clouds2.uexp" 733
"../../../Engine/Content/EngineSky/SM_SkySphere.ubulk" 734
"../../../Engine/Content/EngineSky/SM_SkySphere.uasset" 735
"../../../Engine/Content/EngineSky/SM_SkySphere.uexp" 736
"D:/Progetti/PurgatorySeaServer/Unreal Engine/PurgatorySea/Content/Images/QuestionMarkImage_Horizontal.uasset" 737
"D:/Progetti/PurgatorySeaServer/Unreal Engine/PurgatorySea/Content/Images/QuestionMarkImage_Horizontal.uexp" 738
"D:/Progetti/PurgatorySeaServer/Unreal Engine/PurgatorySea/Content/Materials/MAT_EnemyTile_Horizontal.uasset" 739
"D:/Progetti/PurgatorySeaServer/Unreal Engine/PurgatorySea/Content/Materials/MAT_EnemyTile_Horizontal.uexp" 740
"D:/Progetti/PurgatorySeaServer/Unreal Engine/PurgatorySea/Content/Materials/MAT_SelectedShipTransparent.uasset" 741
"D:/Progetti/PurgatorySeaServer/Unreal Engine/PurgatorySea/Content/Materials/MAT_SelectedShipTransparent.uexp" 742
"D:/Progetti/PurgatorySeaServer/Unreal Engine/PurgatorySea/Content/Blueprints/Core/BP_Controller.uasset" 743
"D:/Progetti/PurgatorySeaServer/Unreal Engine/PurgatorySea/Content/Blueprints/Core/BP_Controller.uexp" 744
"D:/Progetti/PurgatorySeaServer/Unreal Engine/PurgatorySea/Content/Models/Ships/japanese_underwater_aircraft_carrier/source/Dogo4sketch/DogoDiff.ubulk" 745
"D:/Progetti/PurgatorySeaServer/Unreal Engine/PurgatorySea/Content/Models/Ships/japanese_underwater_aircraft_carrier/source/Dogo4sketch/DogoDiff.uasset" 746
"D:/Progetti/PurgatorySeaServer/Unreal Engine/PurgatorySea/Content/Models/Ships/japanese_underwater_aircraft_carrier/source/Dogo4sketch/DogoDiff.uexp" 747
"D:/Progetti/PurgatorySeaServer/Unreal Engine/PurgatorySea/Content/Models/Ships/japanese_underwater_aircraft_carrier/source/Dogo4sketch/Material__40.uasset" 748
"D:/Progetti/PurgatorySeaServer/Unreal Engine/PurgatorySea/Content/Models/Ships/japanese_underwater_aircraft_carrier/source/Dogo4sketch/Material__40.uexp" 749
"D:/Progetti/PurgatorySeaServer/Unreal Engine/PurgatorySea/Content/Models/Ships/japanese_underwater_aircraft_carrier/source/Dogo4sketch/Dogo.ubulk" 750
"D:/Progetti/PurgatorySeaServer/Unreal Engine/PurgatorySea/Content/Models/Ships/japanese_underwater_aircraft_carrier/source/Dogo4sketch/Dogo.uasset" 751
"D:/Progetti/PurgatorySeaServer/Unreal Engine/PurgatorySea/Content/Models/Ships/japanese_underwater_aircraft_carrier/source/Dogo4sketch/Dogo.uexp" 752
"D:/Progetti/PurgatorySeaServer/Unreal Engine/PurgatorySea/Content/Models/Ships/Shershen-ClassTorpedoBoat/source/Shershen-ClassTorpedoBoat/YugoslavNavyFlag.uasset" 753
"D:/Progetti/PurgatorySeaServer/Unreal Engine/PurgatorySea/Content/Models/Ships/Shershen-ClassTorpedoBoat/source/Shershen-ClassTorpedoBoat/YugoslavNavyFlag.uexp" 754
"D:/Progetti/PurgatorySeaServer/Unreal Engine/PurgatorySea/Content/Models/Ships/Shershen-ClassTorpedoBoat/source/Shershen-ClassTorpedoBoat/Material_002.uasset" 755
"D:/Progetti/PurgatorySeaServer/Unreal Engine/PurgatorySea/Content/Models/Ships/Shershen-ClassTorpedoBoat/source/Shershen-ClassTorpedoBoat/Material_002.uexp" 756
"D:/Progetti/PurgatorySeaServer/Unreal Engine/PurgatorySea/Content/Models/Ships/Shershen-ClassTorpedoBoat/source/Shershen-ClassTorpedoBoat/Pallete128.ubulk" 757
"D:/Progetti/PurgatorySeaServer/Unreal Engine/PurgatorySea/Content/Models/Ships/Shershen-ClassTorpedoBoat/source/Shershen-ClassTorpedoBoat/Pallete128.uasset" 758
"D:/Progetti/PurgatorySeaServer/Unreal Engine/PurgatorySea/Content/Models/Ships/Shershen-ClassTorpedoBoat/source/Shershen-ClassTorpedoBoat/Pallete128.uexp" 759
"D:/Progetti/PurgatorySeaServer/Unreal Engine/PurgatorySea/Content/Models/Ships/Shershen-ClassTorpedoBoat/source/Shershen-ClassTorpedoBoat/Material_001.uasset" 760
"D:/Progetti/PurgatorySeaServer/Unreal Engine/PurgatorySea/Content/Models/Ships/Shershen-ClassTorpedoBoat/source/Shershen-ClassTorpedoBoat/Material_001.uexp" 761
"D:/Progetti/PurgatorySeaServer/Unreal Engine/PurgatorySea/Content/Models/Ships/Shershen-ClassTorpedoBoat/source/Shershen-ClassTorpedoBoat/Shershen-ClassTorpedoBoat.ubulk" 762
"D:/Progetti/PurgatorySeaServer/Unreal Engine/PurgatorySea/Content/Models/Ships/Shershen-ClassTorpedoBoat/source/Shershen-ClassTorpedoBoat/Shershen-ClassTorpedoBoat.uasset" 763
"D:/Progetti/PurgatorySeaServer/Unreal Engine/PurgatorySea/Content/Models/Ships/Shershen-ClassTorpedoBoat/source/Shershen-ClassTorpedoBoat/Shershen-ClassTorpedoBoat.uexp" 764
"D:/Progetti/PurgatorySeaServer/Unreal Engine/PurgatorySea/Content/Blueprints/Actors/BP_SmallShip.uasset" 765
"D:/Progetti/PurgatorySeaServer/Unreal Engine/PurgatorySea/Content/Blueprints/Actors/BP_SmallShip.uexp" 766
"D:/Progetti/PurgatorySeaServer/Unreal Engine/PurgatorySea/Content/Models/Ships/chinese_aircraft_carrier/source/Material_Palette_norm1.uasset" 767
"D:/Progetti/PurgatorySeaServer/Unreal Engine/PurgatorySea/Content/Models/Ships/chinese_aircraft_carrier/source/Material_Palette_norm1.uexp" 768
"D:/Progetti/PurgatorySeaServer/Unreal Engine/PurgatorySea/Content/Models/Ships/chinese_aircraft_carrier/source/Down.ubulk" 769
"D:/Progetti/PurgatorySeaServer/Unreal Engine/PurgatorySea/Content/Models/Ships/chinese_aircraft_carrier/source/Down.uasset" 770
"D:/Progetti/PurgatorySeaServer/Unreal Engine/PurgatorySea/Content/Models/Ships/chinese_aircraft_carrier/source/Down.uexp" 771
"D:/Progetti/PurgatorySeaServer/Unreal Engine/PurgatorySea/Content/Models/Ships/chinese_aircraft_carrier/source/Top.ubulk" 772
"D:/Progetti/PurgatorySeaServer/Unreal Engine/PurgatorySea/Content/Models/Ships/chinese_aircraft_carrier/source/Top.uasset" 773
"D:/Progetti/PurgatorySeaServer/Unreal Engine/PurgatorySea/Content/Models/Ships/chinese_aircraft_carrier/source/Top.uexp" 774
"D:/Progetti/PurgatorySeaServer/Unreal Engine/PurgatorySea/Content/Models/Ships/chinese_aircraft_carrier/source/Middle.ubulk" 775
"D:/Progetti/PurgatorySeaServer/Unreal Engine/PurgatorySea/Content/Models/Ships/chinese_aircraft_carrier/source/Middle.uasset" 776
"D:/Progetti/PurgatorySeaServer/Unreal Engine/PurgatorySea/Content/Models/Ships/chinese_aircraft_carrier/source/Middle.uexp" 777
"D:/Progetti/PurgatorySeaServer/Unreal Engine/PurgatorySea/Content/Blueprints/Actors/BP_AircraftCarrier.uasset" 778
"D:/Progetti/PurgatorySeaServer/Unreal Engine/PurgatorySea/Content/Blueprints/Actors/BP_AircraftCarrier.uexp" 779
"D:/Progetti/PurgatorySeaServer/Unreal Engine/PurgatorySea/Content/Materials/MAT_OwnTile.uasset" 780
"D:/Progetti/PurgatorySeaServer/Unreal Engine/PurgatorySea/Content/Materials/MAT_OwnTile.uexp" 781
"D:/Progetti/PurgatorySeaServer/Unreal Engine/PurgatorySea/Content/Models/Ships/submarine/source/Material.uasset" 782
"D:/Progetti/PurgatorySeaServer/Unreal Engine/PurgatorySea/Content/Models/Ships/submarine/source/Material.uexp" 783
"D:/Progetti/PurgatorySeaServer/Unreal Engine/PurgatorySea/Content/Models/Ships/submarine/source/submarin_.ubulk" 784
"D:/Progetti/PurgatorySeaServer/Unreal Engine/PurgatorySea/Content/Models/Ships/submarine/source/submarin_.uasset" 785
"D:/Progetti/PurgatorySeaServer/Unreal Engine/PurgatorySea/Content/Models/Ships/submarine/source/submarin_.uexp" 786
"D:/Progetti/PurgatorySeaServer/Unreal Engine/PurgatorySea/Content/Blueprints/Actors/BP_Submarine.uasset" 787
"D:/Progetti/PurgatorySeaServer/Unreal Engine/PurgatorySea/Content/Blueprints/Actors/BP_Submarine.uexp" 788
"../../../Engine/Content/BasicShapes/BasicShapeMaterial.uasset" 789
"../../../Engine/Content/BasicShapes/BasicShapeMaterial.uexp" 790
"D:/Progetti/PurgatorySeaServer/Unreal Engine/PurgatorySea/Content/Blueprints/BP_BoardPositions.uasset" 791
"D:/Progetti/PurgatorySeaServer/Unreal Engine/PurgatorySea/Content/Blueprints/BP_BoardPositions.uexp" 792
"D:/Progetti/PurgatorySeaServer/Unreal Engine/PurgatorySea/Content/Models/Ships/uss-jack-h-lucas-ddg-125/source/Jack_H__Lucas/Jack_H/JackHLucas.ubulk" 793
"D:/Progetti/PurgatorySeaServer/Unreal Engine/PurgatorySea/Content/Models/Ships/uss-jack-h-lucas-ddg-125/source/Jack_H__Lucas/Jack_H/JackHLucas.uasset" 794
"D:/Progetti/PurgatorySeaServer/Unreal Engine/PurgatorySea/Content/Models/Ships/uss-jack-h-lucas-ddg-125/source/Jack_H__Lucas/Jack_H/JackHLucas.uexp" 795
"D:/Progetti/PurgatorySeaServer/Unreal Engine/PurgatorySea/Content/Models/Ships/uss-jack-h-lucas-ddg-125/source/Jack_H__Lucas/Jack_H/Mat_10.uasset" 796
"D:/Progetti/PurgatorySeaServer/Unreal Engine/PurgatorySea/Content/Models/Ships/uss-jack-h-lucas-ddg-125/source/Jack_H__Lucas/Jack_H/Mat_10.uexp" 797
"D:/Progetti/PurgatorySeaServer/Unreal Engine/PurgatorySea/Content/Models/Ships/uss-jack-h-lucas-ddg-125/source/Jack_H__Lucas/Jack_H/Jack_H__Lucas_.ubulk" 798
"D:/Progetti/PurgatorySeaServer/Unreal Engine/PurgatorySea/Content/Models/Ships/uss-jack-h-lucas-ddg-125/source/Jack_H__Lucas/Jack_H/Jack_H__Lucas_.uasset" 799
"D:/Progetti/PurgatorySeaServer/Unreal Engine/PurgatorySea/Content/Models/Ships/uss-jack-h-lucas-ddg-125/source/Jack_H__Lucas/Jack_H/Jack_H__Lucas_.uexp" 800
"D:/Progetti/PurgatorySeaServer/Unreal Engine/PurgatorySea/Content/Blueprints/Actors/BP_Battleship.uasset" 801
"D:/Progetti/PurgatorySeaServer/Unreal Engine/PurgatorySea/Content/Blueprints/Actors/BP_Battleship.uexp" 802
"D:/Progetti/PurgatorySeaServer/Unreal Engine/PurgatorySea/Content/Models/Ships/a/SW_Boat_Assets_002_M.uasset" 803
"D:/Progetti/PurgatorySeaServer/Unreal Engine/PurgatorySea/Content/Models/Ships/a/SW_Boat_Assets_002_M.uexp" 804
"D:/Progetti/PurgatorySeaServer/Unreal Engine/PurgatorySea/Content/Models/Ships/a/SW_Glasses_01_m.uasset" 805
"D:/Progetti/PurgatorySeaServer/Unreal Engine/PurgatorySea/Content/Models/Ships/a/SW_Glasses_01_m.uexp" 806
"D:/Progetti/PurgatorySeaServer/Unreal Engine/PurgatorySea/Content/Models/Ships/a/SW_Gun_001_M.uasset" 807
"D:/Progetti/PurgatorySeaServer/Unreal Engine/PurgatorySea/Content/Models/Ships/a/SW_Gun_001_M.uexp" 808
"D:/Progetti/PurgatorySeaServer/Unreal Engine/PurgatorySea/Content/Models/Ships/a/SW_MetalPipes_01_M.uasset" 809
"D:/Progetti/PurgatorySeaServer/Unreal Engine/PurgatorySea/Content/Models/Ships/a/SW_MetalPipes_01_M.uexp" 810
"D:/Progetti/PurgatorySeaServer/Unreal Engine/PurgatorySea/Content/Models/Ships/a/SW_Boat_Body_002_M.uasset" 811
"D:/Progetti/PurgatorySeaServer/Unreal Engine/PurgatorySea/Content/Models/Ships/a/SW_Boat_Body_002_M.uexp" 812
"D:/Progetti/PurgatorySeaServer/Unreal Engine/PurgatorySea/Content/Models/Ships/a/SW_Boat_Assets_001_M.uasset" 813
"D:/Progetti/PurgatorySeaServer/Unreal Engine/PurgatorySea/Content/Models/Ships/a/SW_Boat_Assets_001_M.uexp" 814
"D:/Progetti/PurgatorySeaServer/Unreal Engine/PurgatorySea/Content/Models/Ships/a/SW_Boat_Body_001_M.uasset" 815
"D:/Progetti/PurgatorySeaServer/Unreal Engine/PurgatorySea/Content/Models/Ships/a/SW_Boat_Body_001_M.uexp" 816
"D:/Progetti/PurgatorySeaServer/Unreal Engine/PurgatorySea/Content/Models/Ships/a/SW_Boat_Assets_004_M.uasset" 817
"D:/Progetti/PurgatorySeaServer/Unreal Engine/PurgatorySea/Content/Models/Ships/a/SW_Boat_Assets_004_M.uexp" 818
"D:/Progetti/PurgatorySeaServer/Unreal Engine/PurgatorySea/Content/Models/Ships/a/SW_Boat_Body_005_M.uasset" 819
"D:/Progetti/PurgatorySeaServer/Unreal Engine/PurgatorySea/Content/Models/Ships/a/SW_Boat_Body_005_M.uexp" 820
"D:/Progetti/PurgatorySeaServer/Unreal Engine/PurgatorySea/Content/Models/Ships/a/SW_Boat_Body_003_M.uasset" 821
"D:/Progetti/PurgatorySeaServer/Unreal Engine/PurgatorySea/Content/Models/Ships/a/SW_Boat_Body_003_M.uexp" 822
"D:/Progetti/PurgatorySeaServer/Unreal Engine/PurgatorySea/Content/Models/Ships/a/SW_Boat_Body_004_M.uasset" 823
"D:/Progetti/PurgatorySeaServer/Unreal Engine/PurgatorySea/Content/Models/Ships/a/SW_Boat_Body_004_M.uexp" 824
"D:/Progetti/PurgatorySeaServer/Unreal Engine/PurgatorySea/Content/Models/Ships/a/SW_Boat_Assets_003_M.uasset" 825
"D:/Progetti/PurgatorySeaServer/Unreal Engine/PurgatorySea/Content/Models/Ships/a/SW_Boat_Assets_003_M.uexp" 826
"D:/Progetti/PurgatorySeaServer/Unreal Engine/PurgatorySea/Content/Models/Ships/a/SW_Boat_Antena_001_M.uasset" 827
"D:/Progetti/PurgatorySeaServer/Unreal Engine/PurgatorySea/Content/Models/Ships/a/SW_Boat_Antena_001_M.uexp" 828
"D:/Progetti/PurgatorySeaServer/Unreal Engine/PurgatorySea/Content/Models/Ships/a/swift_boat_001.ubulk" 829
"D:/Progetti/PurgatorySeaServer/Unreal Engine/PurgatorySea/Content/Models/Ships/a/swift_boat_001.uasset" 830
"D:/Progetti/PurgatorySeaServer/Unreal Engine/PurgatorySea/Content/Models/Ships/a/swift_boat_001.uexp" 831
"D:/Progetti/PurgatorySeaServer/Unreal Engine/PurgatorySea/Content/Blueprints/Actors/BP_SwiftBoat.uasset" 832
"D:/Progetti/PurgatorySeaServer/Unreal Engine/PurgatorySea/Content/Blueprints/Actors/BP_SwiftBoat.uexp" 833
"D:/Progetti/PurgatorySeaServer/Unreal Engine/PurgatorySea/Content/Levels/PurgatorySeaMap.uexp" 834
"D:/Progetti/PurgatorySeaServer/Unreal Engine/PurgatorySea/Content/Levels/PurgatorySeaMap.umap" 835
"../../../Engine/Content/EngineMaterials/BlendFunc_DefBlend.uasset" 836
"../../../Engine/Content/EngineMaterials/BlendFunc_DefBlend.uexp" 837
"../../../Engine/Content/EngineMaterials/BlendFunc_DefBase.uasset" 838
"../../../Engine/Content/EngineMaterials/BlendFunc_DefBase.uexp" 839
"../../../Engine/Content/Functions/Engine_MaterialFunctions03/Blends/Blend_Overlay.uasset" 840
"../../../Engine/Content/Functions/Engine_MaterialFunctions03/Blends/Blend_Overlay.uexp" 841
"../../../Engine/Content/OpenWorldTemplate/LandscapeMaterial/T_GridChecker_A.ubulk" 842
"../../../Engine/Content/OpenWorldTemplate/LandscapeMaterial/T_GridChecker_A.uasset" 843
"../../../Engine/Content/OpenWorldTemplate/LandscapeMaterial/T_GridChecker_A.uexp" 844
"../../../Engine/Content/Functions/Engine_MaterialFunctions02/Utility/MakeFloat3.uasset" 845
"../../../Engine/Content/Functions/Engine_MaterialFunctions02/Utility/MakeFloat3.uexp" 846
"../../../Engine/Content/Functions/Engine_MaterialFunctions01/Gradient/LinearGradient.uasset" 847
"../../../Engine/Content/Functions/Engine_MaterialFunctions01/Gradient/LinearGradient.uexp" 848
"../../../Engine/Content/Functions/Engine_MaterialFunctions01/ImageAdjustment/CheapContrast.uasset" 849
"../../../Engine/Content/Functions/Engine_MaterialFunctions01/ImageAdjustment/CheapContrast.uexp" 850
"../../../Engine/Content/OpenWorldTemplate/LandscapeMaterial/MF_ProcGrid.uasset" 851
"../../../Engine/Content/OpenWorldTemplate/LandscapeMaterial/MF_ProcGrid.uexp" 852
"../../../Engine/Content/OpenWorldTemplate/LandscapeMaterial/M_ProcGrid.uasset" 853
"../../../Engine/Content/OpenWorldTemplate/LandscapeMaterial/M_ProcGrid.uexp" 854
"../../../Engine/Content/OpenWorldTemplate/LandscapeMaterial/MI_ProcGrid.uasset" 855
"../../../Engine/Content/OpenWorldTemplate/LandscapeMaterial/MI_ProcGrid.uexp" 856
"../../../Engine/Content/MapTemplates/SM_Template_Map_Floor.ubulk" 857
"../../../Engine/Content/MapTemplates/SM_Template_Map_Floor.uasset" 858
"../../../Engine/Content/MapTemplates/SM_Template_Map_Floor.uexp" 859
"../../../Engine/Content/EngineSky/M_SimpleSkyDome.uasset" 860
"../../../Engine/Content/EngineSky/M_SimpleSkyDome.uexp" 861
"D:/Progetti/PurgatorySeaServer/Unreal Engine/PurgatorySea/Content/Levels/EnemyBoard.uexp" 862
"D:/Progetti/PurgatorySeaServer/Unreal Engine/PurgatorySea/Content/Levels/EnemyBoard.umap" 863
"../../../Engine/Content/Maps/Entry_BuiltData.uasset" 864
"../../../Engine/Content/Maps/Entry_BuiltData.uexp" 865
"../../../Engine/Content/Maps/Entry.uexp" 866
"../../../Engine/Content/Maps/Entry.umap" 867
